Set parameter Username
Set parameter LicenseID to value 2786638
Academic license - for non-commercial use only - expires 2027-03-03
Set parameter Username
Set parameter LicenseID to value 2786638
Academic license - for non-commercial use only - expires 2027-03-03
Set parameter Username
Set parameter LicenseID to value 2786638
Academic license - for non-commercial use only - expires 2027-03-03
Set parameter Username
Set parameter LicenseID to value 2786638
Academic license - for non-commercial use only - expires 2027-03-03
Set parameter Username
Set parameter LicenseID to value 2786638
Academic license - for non-commercial use only - expires 2027-03-03
Set parameter Username
Set parameter LicenseID to value 2786638
Academic license - for non-commercial use only - expires 2027-03-03
Set parameter Username
Set parameter LicenseID to value 2786638
Academic license - for non-commercial use only - expires 2027-03-03
Set parameter Username
Set parameter LicenseID to value 2786638
Academic license - for non-commercial use only - expires 2027-03-03
Set parameter Username
Set parameter LicenseID to value 2786638
Academic license - for non-commercial use only - expires 2027-03-03
[2026-07-23T13:48:13.533] crossover overhead: tulipa022/Norse backend=gurobi threads=1
  eps=0.1 repeats=3 -> C:\Users\pacurarav\Desktop\New folder\NearOptimalAlternatives.jl\results\crossover_overhead

  --- medians over 3 repeats ---
  1. barrier_only            1.6200s
  2. barrier_crossover       1.7130s  (overhead = 0.0930s)
  3. switch_verify           0.0000s  <- the re-solve you're worried about
  4. first_spores_warm       0.8100s
  4c. first_spores_cold      0.3210s
[2026-07-23T13:49:00.314] done -> C:\Users\pacurarav\Desktop\New folder\NearOptimalAlternatives.jl\results\crossover_overhead\points_norsetest_gurobi.csv
