Set parameter Username
Set parameter LicenseID to value 2786638
Academic license - for non-commercial use only - expires 2027-03-03
Set parameter OutputFlag to value 1
Set parameter Method to value 2
Set parameter Crossover to value 1
Set parameter Threads to value 32
Set parameter Username
Set parameter LicenseID to value 2786638
Academic license - for non-commercial use only - expires 2027-03-03
Set parameter OutputFlag to value 1
Set parameter Method to value 2
Set parameter Crossover to value 0
Set parameter Threads to value 16
Set parameter Method to value 2
Set parameter Crossover to value 0
Set parameter Threads to value 16
Set parameter OutputFlag to value 1
Gurobi Optimizer version 13.0.0 build v13.0.0rc1 (win64 - Windows 11+.0 (26200.2))

CPU model: AMD Ryzen 7 PRO 5850U with Radeon Graphics, instruction set [SSE2|AVX|AVX2]
Thread count: 8 physical cores, 16 logical processors, using up to 16 threads

Non-default parameters:
Method  2
Crossover  0
Threads  16

Optimize a model with 1930705 rows, 1274449 columns and 4892748 nonzeros (Min)
Model fingerprint: 0x0fa6aa8d
Model has 153 linear objective coefficients
Coefficient statistics:
  Matrix range     [6e-05, 1e+08]
  Objective range  [7e-03, 2e+02]
  Bounds range     [1e-01, 4e+07]
  RHS range        [1e-01, 2e+11]
Warning: Model contains large matrix coefficient range
Warning: Model contains large rhs
         Consider reformulating model or setting NumericFocus parameter
         to avoid numerical issues.
Presolve removed 995681 rows and 110933 columns (presolve time = 5s)...
Presolve removed 995681 rows and 110933 columns
Presolve time: 6.23s
Presolved: 935024 rows, 1163516 columns, 3818431 nonzeros
Elapsed ordering time = 10s
Elapsed ordering time = 10s
Ordering time: 18.15s

Barrier statistics:
 Dense cols : 233
 AA' NZ     : 3.073e+06
 Factor NZ  : 3.705e+07 (roughly 1.2 GB of memory)
 Factor Ops : 1.057e+10 (less than 1 second per iteration)
 Threads    : 16

                  Objective                Residual
Iter       Primal          Dual         Primal    Dual     Compl     Time
   0   3.98520825e+08 -3.34117526e+10  7.46e+09 1.50e-02  9.53e+06    28s
   1   5.18162128e+08 -2.00990516e+10  5.79e+09 3.06e-01  5.64e+06    29s
   2   5.59517735e+08 -1.31918280e+10  2.29e+09 9.49e-02  2.23e+06    31s
   3   2.70028300e+08 -7.29077448e+09  8.72e+08 2.27e-02  8.61e+05    33s
   4   1.39583587e+08 -3.57760736e+09  2.60e+08 4.21e-03  2.64e+05    34s
   5   6.01198785e+07 -1.19255262e+09  2.58e+07 8.48e-07  2.76e+04    35s
   6   2.47783678e+07 -5.93939672e+08  5.02e+06 3.32e-11  5.94e+03    36s
   7   7.46517225e+06 -1.83146405e+08  8.72e+05 3.04e-11  1.10e+03    37s
   8   4.08042198e+06 -6.41854147e+07  4.23e+05 1.77e-11  4.39e+02    39s
   9   2.70971136e+06 -4.94672427e+07  2.55e+05 3.22e-06  2.73e+02    40s
  10   1.87122787e+06 -2.87067848e+07  1.66e+05 1.54e-06  1.58e+02    42s
  11   1.40614467e+06 -2.07887773e+07  1.20e+05 1.45e-06  1.09e+02    43s
  12   1.19137115e+06 -1.93093791e+07  9.86e+04 1.44e-06  9.23e+01    45s
  13   1.05914529e+06 -1.68903846e+07  8.55e+04 1.38e-06  7.87e+01    46s
  14   9.08523091e+05 -1.52091245e+07  7.04e+04 1.32e-06  6.63e+01    47s
  15   8.31346202e+05 -1.32881687e+07  6.29e+04 1.22e-06  5.75e+01    49s
  16   6.16233687e+05 -1.14956238e+07  4.33e+04 1.12e-06  4.30e+01    51s
  17   5.06541418e+05 -9.73158399e+06  3.29e+04 9.82e-07  3.39e+01    53s
  18   4.11048601e+05 -7.63291224e+06  2.38e+04 7.97e-07  2.50e+01    56s
  19   3.54931507e+05 -6.56102778e+06  1.86e+04 6.91e-07  2.02e+01    58s
  20   2.99860156e+05 -5.66713611e+06  1.35e+04 5.98e-07  1.61e+01    60s
  21   2.88232100e+05 -5.06865331e+06  1.23e+04 5.35e-07  1.44e+01    61s
  22   2.51443540e+05 -3.84592598e+06  9.05e+03 4.02e-07  1.05e+01    64s
  23   2.18390207e+05 -3.35299566e+06  6.26e+03 3.49e-07  8.47e+00    66s
  24   2.01750289e+05 -2.33211997e+06  4.82e+03 2.42e-07  5.89e+00    69s
  25   1.87938938e+05 -1.67137025e+06  3.64e+03 1.90e-07  4.19e+00    71s
  26   1.69978582e+05 -1.50523000e+06  2.24e+03 1.77e-07  3.50e+00    73s
  27   1.63953753e+05 -1.12237890e+06  1.81e+03 1.42e-07  2.63e+00    75s
  28   1.56460786e+05 -8.82397725e+05  1.35e+03 1.21e-07  2.07e+00    78s
  29   1.52207455e+05 -7.51805686e+05  1.17e+03 1.10e-07  1.78e+00    80s
  30   1.50273256e+05 -6.87076544e+05  1.09e+03 1.04e-07  1.64e+00    82s
  31   1.48579304e+05 -5.91461947e+05  9.97e+02 9.53e-08  1.44e+00    84s
  32   1.42536236e+05 -5.22880976e+05  7.42e+02 8.75e-08  1.27e+00    87s
  33   1.41022249e+05 -4.73352405e+05  6.92e+02 8.28e-08  1.17e+00    89s
  34   1.38313105e+05 -4.22174418e+05  6.24e+02 7.87e-08  1.06e+00    91s
  35   1.36341093e+05 -4.08058392e+05  5.74e+02 7.70e-08  1.03e+00    93s
  36   1.34377881e+05 -3.19455259e+05  5.30e+02 6.60e-08  8.55e-01    95s
  37   1.32739953e+05 -2.60137092e+05  4.99e+02 6.53e-08  7.39e-01    97s
  38   1.30259992e+05 -2.41587562e+05  4.37e+02 6.59e-08  6.96e-01    99s
  39   1.28423135e+05 -2.18739858e+05  4.06e+02 6.77e-08  6.48e-01   102s
  40   1.26769494e+05 -1.97220779e+05  3.75e+02 6.77e-08  6.03e-01   104s
  41   1.26505661e+05 -1.83825020e+05  3.69e+02 6.88e-08  5.77e-01   107s
  42   1.23761300e+05 -1.75929352e+05  3.17e+02 6.93e-08  5.55e-01   109s
  43   1.22355972e+05 -1.58400720e+05  2.88e+02 7.03e-08  5.18e-01   111s
  44   1.20611718e+05 -1.40589025e+05  2.70e+02 7.24e-08  4.81e-01   113s
  45   1.18710926e+05 -1.23823965e+05  2.49e+02 7.47e-08  4.46e-01   116s
  46   1.18268121e+05 -9.64246612e+04  2.45e+02 7.95e-08  3.95e-01   118s
  47   1.15538829e+05 -8.61692011e+04  2.18e+02 8.12e-08  3.70e-01   121s
  48   1.13858512e+05 -7.55314541e+04  2.02e+02 8.19e-08  3.47e-01   123s
  49   1.12233371e+05 -6.37291893e+04  1.87e+02 8.31e-08  3.22e-01   125s
  50   1.10879853e+05 -5.61886392e+04  1.75e+02 8.68e-08  3.05e-01   128s
  51   1.09281109e+05 -5.04287935e+04  1.64e+02 8.89e-08  2.91e-01   130s
  52   1.07269317e+05 -4.33209609e+04  1.49e+02 9.20e-08  2.74e-01   132s
  53   1.06712507e+05 -3.66331450e+04  1.44e+02 9.61e-08  2.61e-01   134s
  54   1.04453822e+05 -2.64839767e+04  1.29e+02 1.03e-07  2.38e-01   137s
  55   1.03285998e+05 -1.87418852e+04  1.21e+02 1.08e-07  2.21e-01   139s
  56   1.02147443e+05 -1.28387473e+04  1.13e+02 1.07e-07  2.08e-01   141s
  57   1.01283681e+05 -8.20806372e+03  1.09e+02 1.12e-07  1.98e-01   144s
  58   1.00251956e+05  2.36639498e+02  1.03e+02 1.18e-07  1.81e-01   146s
  59   9.96831179e+04  3.55338160e+03  9.96e+01 1.21e-07  1.74e-01   149s
  60   9.93877824e+04  6.02137794e+03  9.81e+01 1.23e-07  1.69e-01   151s
  61   9.81736549e+04  1.03065309e+04  9.18e+01 1.26e-07  1.58e-01   153s
  62   9.74688031e+04  1.32628231e+04  8.82e+01 1.28e-07  1.52e-01   156s
  63   9.68053689e+04  1.60835756e+04  8.48e+01 1.31e-07  1.45e-01   158s
  64   9.55879211e+04  2.01160335e+04  7.91e+01 1.36e-07  1.36e-01   160s
  65   9.48217722e+04  2.31479687e+04  7.54e+01 1.42e-07  1.29e-01   162s
  66   9.37988348e+04  2.61537942e+04  7.11e+01 1.46e-07  1.21e-01   164s
  67   9.32460487e+04  2.86289979e+04  6.85e+01 1.53e-07  1.16e-01   166s
  68   9.26010150e+04  3.04204465e+04  6.50e+01 1.63e-07  1.11e-01   169s
  69   9.22050925e+04  3.14719987e+04  6.33e+01 1.66e-07  1.09e-01   171s
  70   9.11379377e+04  3.55246116e+04  5.85e+01 1.78e-07  9.93e-02   173s
  71   9.03810976e+04  3.73836663e+04  5.52e+01 1.84e-07  9.46e-02   175s
  72   8.99263521e+04  3.94498313e+04  5.32e+01 1.89e-07  9.00e-02   177s
  73   8.93274972e+04  4.10275978e+04  5.06e+01 1.87e-07  8.60e-02   180s
  74   8.84734131e+04  4.27361247e+04  4.66e+01 1.90e-07  8.13e-02   182s
  75   8.81976491e+04  4.45778564e+04  4.53e+01 1.94e-07  7.75e-02   184s
  76   8.79099474e+04  4.63204006e+04  4.42e+01 1.99e-07  7.38e-02   186s
  77   8.73555033e+04  4.86975211e+04  4.16e+01 2.16e-07  6.85e-02   188s
  78   8.66728925e+04  4.97710310e+04  3.89e+01 2.29e-07  6.53e-02   190s
  79   8.60367899e+04  5.10524966e+04  3.63e+01 2.33e-07  6.18e-02   192s
  80   8.55003721e+04  5.19747742e+04  3.43e+01 2.43e-07  5.91e-02   195s
  81   8.48391238e+04  5.34623695e+04  3.19e+01 2.59e-07  5.52e-02   197s
  82   8.41785023e+04  5.57110746e+04  2.95e+01 2.76e-07  5.00e-02   199s
  83   8.39802530e+04  5.61735099e+04  2.87e+01 2.77e-07  4.88e-02   201s
  84   8.35856081e+04  5.72757577e+04  2.73e+01 2.89e-07  4.61e-02   203s
  85   8.30043364e+04  5.75576448e+04  2.52e+01 2.95e-07  4.45e-02   205s
  86   8.28379665e+04  5.91734396e+04  2.45e+01 2.93e-07  4.13e-02   208s
  87   8.26326473e+04  6.02347897e+04  2.39e+01 3.04e-07  3.90e-02   210s
  88   8.21103556e+04  6.13601448e+04  2.22e+01 3.09e-07  3.59e-02   212s
  89   8.13980648e+04  6.24132299e+04  2.02e+01 3.09e-07  3.26e-02   215s
  90   8.09481392e+04  6.28811803e+04  1.89e+01 3.11e-07  3.09e-02   217s
  91   8.02596817e+04  6.33548200e+04  1.70e+01 3.05e-07  2.88e-02   219s
  92   8.00555292e+04  6.38866359e+04  1.64e+01 2.84e-07  2.75e-02   221s
  93   7.95205542e+04  6.44644881e+04  1.49e+01 2.79e-07  2.55e-02   223s
  94   7.92831314e+04  6.47896141e+04  1.42e+01 2.78e-07  2.45e-02   225s
  95   7.90712961e+04  6.53769957e+04  1.36e+01 2.68e-07  2.30e-02   227s
  96   7.89021209e+04  6.56002824e+04  1.32e+01 2.63e-07  2.23e-02   230s
  97   7.88038846e+04  6.58551082e+04  1.29e+01 2.54e-07  2.17e-02   231s
  98   7.83732622e+04  6.63644828e+04  1.18e+01 2.38e-07  2.00e-02   234s
  99   7.81071855e+04  6.70233208e+04  1.11e+01 2.22e-07  1.83e-02   235s
 100   7.76376685e+04  6.76157799e+04  9.99e+00 2.02e-07  1.65e-02   238s
 101   7.74887220e+04  6.81945510e+04  9.61e+00 1.85e-07  1.52e-02   240s
 102   7.72111643e+04  6.85075371e+04  8.94e+00 1.77e-07  1.41e-02   242s
 103   7.67661490e+04  6.91680594e+04  7.87e+00 1.58e-07  1.22e-02   245s
 104   7.63701868e+04  6.97694495e+04  6.93e+00 1.44e-07  1.05e-02   247s
 105   7.63070079e+04  6.99393407e+04  6.78e+00 1.31e-07  1.01e-02   249s
 106   7.59218607e+04  7.02800568e+04  5.88e+00 1.20e-07  8.80e-03   252s
 107   7.57136952e+04  7.04300431e+04  5.39e+00 1.16e-07  8.18e-03   254s
 108   7.54444868e+04  7.06737984e+04  4.76e+00 1.08e-07  7.29e-03   256s
 109   7.53369026e+04  7.07466051e+04  4.51e+00 1.07e-07  6.98e-03   258s
 110   7.51975187e+04  7.08822795e+04  4.19e+00 1.05e-07  6.50e-03   260s
 111   7.50243018e+04  7.12004530e+04  3.79e+00 1.02e-07  5.67e-03   263s
 112   7.49327540e+04  7.12444826e+04  3.57e+00 1.01e-07  5.44e-03   264s
 113   7.48520608e+04  7.14833823e+04  3.39e+00 9.64e-08  4.91e-03   266s
 114   7.47051301e+04  7.16022486e+04  3.05e+00 9.38e-08  4.45e-03   269s
 115   7.45934699e+04  7.16705264e+04  2.79e+00 9.21e-08  4.14e-03   271s
 116   7.45032767e+04  7.17340607e+04  2.58e+00 9.05e-08  3.88e-03   273s
 117   7.44373063e+04  7.18405347e+04  2.42e+00 8.74e-08  3.59e-03   275s
 118   7.44105486e+04  7.18701633e+04  2.36e+00 8.65e-08  3.50e-03   277s
 119   7.42947819e+04  7.19074553e+04  2.08e+00 8.51e-08  3.23e-03   279s
 120   7.42714650e+04  7.19438066e+04  2.03e+00 8.39e-08  3.13e-03   281s
 121   7.42537403e+04  7.19841116e+04  1.99e+00 8.25e-08  3.04e-03   284s
 122   7.42503830e+04  7.20413573e+04  1.98e+00 8.04e-08  2.94e-03   286s
 123   7.42222901e+04  7.20544132e+04  1.91e+00 7.99e-08  2.87e-03   288s
 124   7.41120932e+04  7.21309712e+04  1.65e+00 7.72e-08  2.56e-03   291s
 125   7.40945852e+04  7.22226819e+04  1.61e+00 7.37e-08  2.39e-03   293s
 126   7.40128721e+04  7.22810253e+04  1.43e+00 7.15e-08  2.16e-03   295s
 127   7.39272025e+04  7.23708987e+04  1.23e+00 6.77e-08  1.88e-03   297s
 128   7.38433580e+04  7.24226282e+04  1.04e+00 6.53e-08  1.66e-03   299s
 129   7.38033916e+04  7.25419345e+04  9.44e-01 6.36e-08  1.43e-03   302s
 130   7.37550930e+04  7.25484178e+04  8.36e-01 6.35e-08  1.33e-03   303s
 131   7.37155395e+04  7.26365335e+04  7.50e-01 6.25e-08  1.15e-03   305s
 132   7.36800358e+04  7.27106751e+04  6.70e-01 6.18e-08  9.88e-04   308s
 133   7.36502904e+04  7.27568821e+04  6.04e-01 6.12e-08  8.77e-04   310s
 134   7.36051603e+04  7.27987534e+04  5.04e-01 6.09e-08  7.47e-04   313s
 135   7.35750360e+04  7.28286222e+04  4.39e-01 6.06e-08  6.59e-04   315s
 136   7.35664154e+04  7.28500250e+04  4.20e-01 6.05e-08  6.20e-04   316s
 137   7.35367064e+04  7.28950582e+04  3.55e-01 6.03e-08  5.16e-04   319s
 138   7.35081471e+04  7.29241134e+04  2.94e-01 6.04e-08  4.31e-04   321s
 139   7.34878926e+04  7.29486834e+04  2.49e-01 6.04e-08  3.68e-04   324s
 140   7.34708198e+04  7.29777138e+04  2.11e-01 6.03e-08  3.06e-04   326s
 141   7.34493893e+04  7.29925564e+04  1.65e-01 6.03e-08  2.51e-04   328s
 142   7.34376873e+04  7.30093885e+04  1.39e-01 6.03e-08  2.12e-04   330s
 143   7.34293989e+04  7.30303061e+04  1.21e-01 6.02e-08  1.74e-04   333s
 144   7.34255951e+04  7.30399416e+04  1.12e-01 6.02e-08  1.57e-04   335s
 145   7.34150037e+04  7.30473735e+04  9.00e-02 6.02e-08  1.30e-04   338s
 146   7.34087351e+04  7.30529600e+04  7.63e-02 6.02e-08  1.13e-04   340s
 147   7.34058785e+04  7.30605364e+04  7.04e-02 6.02e-08  9.99e-05   342s
 148   7.34000380e+04  7.30704274e+04  5.78e-02 6.02e-08  7.89e-05   345s
 149   7.33954043e+04  7.30786262e+04  4.79e-02 6.02e-08  6.30e-05   347s
 150   7.33942571e+04  7.30833874e+04  4.56e-02 6.02e-08  5.79e-05   349s
 151   7.33887169e+04  7.30865069e+04  3.40e-02 6.02e-08  4.55e-05   352s
 152   7.33848988e+04  7.30900581e+04  2.60e-02 6.02e-08  3.57e-05   354s
 153   7.33824015e+04  7.30933887e+04  2.08e-02 6.02e-08  2.82e-05   357s
 154   7.33812410e+04  7.30951406e+04  1.85e-02 6.02e-08  2.49e-05   359s
 155   7.33796314e+04  7.30969924e+04  1.53e-02 6.02e-08  2.06e-05   361s
 156   7.33785677e+04  7.30983800e+04  1.32e-02 6.02e-08  1.79e-05   364s
 157   7.33779855e+04  7.30989954e+04  1.20e-02 6.02e-08  1.64e-05   366s
 158   7.33767834e+04  7.30997572e+04  9.69e-03 6.02e-08  1.37e-05   368s
 159   7.33759163e+04  7.31014335e+04  7.99e-03 6.02e-08  1.09e-05   371s
 160   7.33752872e+04  7.31027386e+04  6.80e-03 6.02e-08  8.98e-06   373s
 161   7.33750731e+04  7.31048507e+04  6.40e-03 6.02e-08  8.32e-06   375s
 162   7.33741172e+04  7.31076200e+04  4.69e-03 6.02e-08  6.32e-06   377s
 163   7.33733277e+04  7.31086340e+04  3.32e-03 6.01e-08  4.49e-06   380s
 164   7.33730837e+04  7.31108609e+04  2.92e-03 5.97e-08  3.71e-06   381s
 165   7.33729840e+04  7.31171475e+04  2.76e-03 5.82e-08  3.34e-06   383s
 166   7.33728635e+04  7.31236603e+04  2.56e-03 5.57e-08  3.00e-06   385s
 167   7.33726670e+04  7.31262186e+04  2.24e-03 5.50e-08  2.69e-06   387s
 168   7.33726450e+04  7.31346507e+04  2.20e-03 5.23e-08  2.57e-06   389s
 169   7.33725324e+04  7.31409208e+04  1.96e-03 5.07e-08  2.35e-06   391s
 170   7.33724582e+04  7.31664808e+04  1.82e-03 4.45e-08  2.12e-06   394s
 171   7.33723777e+04  7.31758397e+04  1.68e-03 4.21e-08  1.95e-06   397s
 172   7.33723632e+04  7.31817910e+04  1.65e-03 4.03e-08  1.87e-06   399s
 173   7.33723177e+04  7.31845169e+04  1.56e-03 3.98e-08  1.78e-06   401s
 174   7.33722782e+04  7.32042620e+04  1.48e-03 3.57e-08  1.67e-06   404s
 175   7.33721523e+04  7.32079115e+04  1.21e-03 3.49e-08  1.44e-06   407s
 176   7.33721364e+04  7.32169026e+04  1.18e-03 3.27e-08  1.38e-06   409s
 177   7.33721234e+04  7.32233212e+04  1.16e-03 3.04e-08  1.30e-06   411s
 178   7.33720323e+04  7.32125568e+04  9.80e-04 3.30e-08  1.11e-06   413s
 179   7.33720297e+04  7.32171335e+04  9.74e-04 3.19e-08  1.09e-06   415s
 180   7.33720098e+04  7.32373975e+04  9.32e-04 2.86e-08  1.02e-06   417s
 181   7.33720031e+04  7.32375023e+04  9.21e-04 2.85e-08  1.01e-06   420s
 182   7.33719971e+04  7.32425408e+04  9.09e-04 2.74e-08  1.01e-06   422s
 183   7.33718538e+04  7.32475590e+04  6.14e-04 2.55e-08  7.46e-07   424s
 184   7.33717921e+04  7.32806375e+04  4.70e-04 1.86e-08  5.66e-07   426s
 185   7.33717651e+04  7.32982950e+04  4.11e-04 1.45e-08  4.77e-07   427s
 186   7.33717324e+04  7.33110423e+04  3.41e-04 1.16e-08  3.89e-07   430s
 187   7.33716837e+04  7.33167693e+04  2.35e-04 1.03e-08  2.92e-07   432s
 188   7.33716828e+04  7.33171108e+04  2.33e-04 1.02e-08  2.89e-07   434s
 189   7.33716682e+04  7.33185992e+04  2.02e-04 9.89e-09  2.60e-07   439s
 190   7.33716432e+04  7.33270668e+04  1.43e-04 8.42e-09  2.01e-07   441s
 191   7.33716385e+04  7.33289442e+04  1.33e-04 8.04e-09  1.89e-07   443s
 192   7.33716285e+04  7.33322317e+04  1.13e-04 7.44e-09  1.65e-07   446s
 193   7.33716043e+04  7.33340950e+04  6.40e-05 6.77e-09  1.18e-07   449s
 194   7.33715978e+04  7.33503239e+04  5.16e-05 4.70e-09  7.09e-08   451s
 195   7.33715923e+04  7.33547535e+04  4.06e-05 4.75e-09  5.21e-08   454s
 196   7.33715892e+04  7.33561237e+04  3.51e-05 4.93e-09  3.44e-08   456s
 197   7.33715712e+04  7.33632549e+04  3.16e-07 4.68e-09  2.78e-09   458s
 198   7.33715691e+04  7.33634240e+04  2.81e-07 4.66e-09  1.44e-09   461s
 199   7.33715675e+04  7.33635414e+04  1.65e-07 4.63e-09  4.91e-10   463s

Barrier solved model in 199 iterations and 463.05 seconds (194.01 work units)
Optimal objective 7.33715675e+04


User-callback calls 11840, time in user-callback 0.24 sec

=== Processing Dataset: 5h ===
Reading data from: C:\Users\pacurarav\Desktop\New folder\NearOptimalAlternatives.jl\data/5h
♻️ Found binary cache! Loading...
✅ Baseline loaded in 0.84 seconds. Obj: 1.593977277578025e11

--- Dataset: 5h | Run 1 alternatives ---
Iteration 1
Your model's variable symbols are: [:storage_intra_rp_balance_LV_H2Tank_1, :incoming_flow_highest_in_resolution, :storage_intra_rp_balance_PL_H2Tank_1, :storage_intra_rp_balance_IT_Pump_Hydro_Open_1, :storage_intra_rp_balance_SK_Battery_1, :storage_intra_rp_balance_NO_Pump_Hydro_Open_1, :storage_intra_rp_balance_CZ_Hydro_Reservoir_1, :storage_intra_rp_balance_IT_Hydro_Reservoir_1, :storage_intra_rp_balance_NO_H2Tank_1, :storage_intra_rp_balance_LU_Pump_Hydro_Closed_1, :outgoing_flow_highest_in_out_resolution, :storage_intra_rp_balance_CY_Battery_1, :storage_intra_rp_balance_PT_Pump_Hydro_Open_1, :incoming_flow_lowest_resolution, :storage_intra_rp_balance_IT_Pump_Hydro_Closed_1, :storage_intra_rp_balance_FR_H2Tank_1, :storage_intra_rp_balance_CY_H2Tank_1, :storage_intra_rp_balance_LU_Battery_1, :outgoing_flow_lowest_storage_resolution_intra_rp, :storage_intra_rp_balance_SI_H2Tank_1, :storage_intra_rp_balance_LT_Pump_Hydro_Closed_1, :hub_balance, :storage_intra_rp_balance_RO_H2Tank_1, :storage_intra_rp_balance_BG_Battery_1, :storage_intra_rp_balance_PL_Pump_Hydro_Open_1, :storage_intra_rp_balance_CZ_Pump_Hydro_Closed_1, :storage_intra_rp_balance_AT_Pump_Hydro_Closed_1, :storage_intra_rp_balance_PL_Hydro_Reservoir_1, :storage_intra_rp_balance_UK_Battery_1, :storage_intra_rp_balance_CZ_Pump_Hydro_Open_1, :storage_intra_rp_balance_AT_H2Tank_1, :max_input_flows_limit, :max_output_flows_limit, :storage_intra_rp_balance_AT_Hydro_Reservoir_1, :flows_investment, :storage_intra_rp_balance_UK_Pump_Hydro_Closed_1, :storage_intra_rp_balance_IE_Battery_1, :storage_intra_rp_balance_IT_Battery_1, :storage_intra_rp_balance_BE_Battery_1, :storage_intra_rp_balance_BG_Hydro_Reservoir_1, :storage_intra_rp_balance_LT_Battery_1, :outgoing_flow_storage_inter_rp_balance, :storage_intra_rp_balance_NL_H2Tank_1, :storage_intra_rp_balance_AT_Pump_Hydro_Open_1, :storage_intra_rp_balance_IE_H2Tank_1, :storage_intra_rp_balance_SK_Pump_Hydro_Closed_1, :outgoing_flow_highest_out_resolution, :storage_intra_rp_balance_GR_Battery_1, :consumer_balance, :storage_intra_rp_balance_DE_Pump_Hydro_Closed_1, :storage_intra_rp_balance_NL_Battery_1, :max_storage_level_inter_rp_limit, :storage_intra_rp_balance_CH_Pump_Hydro_Closed_1, :storage_intra_rp_balance_MT_H2Tank_1, :storage_intra_rp_balance_PL_Battery_1, :outgoing_flow_lowest_resolution, :storage_intra_rp_balance_RO_Hydro_Reservoir_1, :storage_intra_rp_balance_PT_H2Tank_1, :storage_intra_rp_balance_BG_Pump_Hydro_Closed_1, :storage_intra_rp_balance_CZ_H2Tank_1, :incoming_flow_highest_in_out_resolution, :storage_intra_rp_balance_EE_H2Tank_1, :storage_intra_rp_balance_FI_H2Tank_1, :assets_investment, :storage_intra_rp_balance_CZ_Battery_1, :storage_intra_rp_balance_FR_Hydro_Reservoir_1, :energy_limit, :storage_intra_rp_balance_IE_Pump_Hydro_Closed_1, :storage_intra_rp_balance_PL_Pump_Hydro_Closed_1, :storage_intra_rp_balance_UK_H2Tank_1, :storage_intra_rp_balance_SE_H2Tank_1, :storage_intra_rp_balance_SK_Pump_Hydro_Open_1, :storage_intra_rp_balance_LU_H2Tank_1, :storage_level_inter_rp, :storage_intra_rp_balance_ES_Battery_1, :storage_level_intra_rp, :incoming_flow_lowest_storage_resolution_intra_rp, :storage_intra_rp_balance_ES_Pump_Hydro_Open_1, :storage_intra_rp_balance_SI_Pump_Hydro_Closed_1, :storage_intra_rp_balance_EE_Battery_1, :storage_intra_rp_balance_FI_Hydro_Reservoir_1, :storage_intra_rp_balance_FR_Battery_1, :storage_intra_rp_balance_NO_Battery_1, :max_transport_flow_limit, :min_storage_level_inter_rp_limit, :storage_intra_rp_balance_DE_Battery_1, :conversion_balance, :storage_intra_rp_balance_DK_H2Tank_1, :assets_profile_times_capacity_out, :storage_intra_rp_balance_DE_Pump_Hydro_Open_1, :storage_intra_rp_balance_MT_Battery_1, :storage_intra_rp_balance_GR_H2Tank_1, :storage_intra_rp_balance_HU_H2Tank_1, :storage_intra_rp_balance_HR_H2Tank_1, :storage_intra_rp_balance_GR_Pump_Hydro_Closed_1, :storage_intra_rp_balance_CH_Pump_Hydro_Open_1, :storage_intra_rp_balance_IT_H2Tank_1, :storage_intra_rp_balance_DE_H2Tank_1, :max_storage_level_intra_rp_limit, :storage_intra_rp_balance_BG_Pump_Hydro_Open_1, :storage_intra_rp_balance_CH_H2Tank_1, :min_storage_level_intra_rp_limit, :flow, :storage_intra_rp_balance_SE_Hydro_Reservoir_1, :storage_intra_rp_balance_GR_Pump_Hydro_Open_1, :storage_intra_rp_balance_RO_Pump_Hydro_Open_1, :storage_intra_rp_balance_FR_Pump_Hydro_Open_1, :storage_intra_rp_balance_HR_Hydro_Reservoir_1, :storage_intra_rp_balance_LT_H2Tank_1, :incoming_flow_storage_inter_rp_balance, :storage_intra_rp_balance_BE_H2Tank_1, :storage_intra_rp_balance_ES_H2Tank_1, :storage_intra_rp_balance_FR_Pump_Hydro_Closed_1, :storage_intra_rp_balance_SK_Hydro_Reservoir_1, :storage_intra_rp_balance_AT_Battery_1, :storage_intra_rp_balance_ES_Pump_Hydro_Closed_1, :storage_intra_rp_balance_SI_Battery_1, :storage_intra_rp_balance_RO_Battery_1, :storage_intra_rp_balance_SE_Battery_1, :storage_intra_rp_balance_ES_Hydro_Reservoir_1, :storage_intra_rp_balance_CH_Battery_1, :storage_intra_rp_balance_HR_Battery_1, :storage_intra_rp_balance_GR_Hydro_Reservoir_1, :storage_intra_rp_balance_DK_Battery_1, :storage_intra_rp_balance_LV_Battery_1, :storage_intra_rp_balance_HR_Pump_Hydro_Open_1, :min_transport_flow_limit, :storage_intra_rp_balance_DE_Hydro_Reservoir_1, :storage_intra_rp_balance_BG_H2Tank_1, :assets_profile_times_capacity_in, :storage_intra_rp_balance_PT_Hydro_Reservoir_1, :storage_intra_rp_balance_HU_Battery_1, :storage_intra_rp_balance_PT_Battery_1, :storage_intra_rp_balance_FI_Battery_1, :storage_intra_rp_balance_SK_H2Tank_1]
Projection successful! Max distance from L-BFGS guess: 92.07213072573464
Projection successful! Max percentage deviation: 9.207213072573464e7
