
Please submit a bug report with steps to reproduce this fault, and any error messages that follow (in their entirety). Thanks.
Exception: EXCEPTION_ACCESS_VIOLATION at 0x70fcdf73 -- _ZNK3ipx7Control14InterruptCheckEi at C:\Users\pacurarav\.julia\artifacts\955796be7e749f7752ded5f8fd07238c8319d954\bin\libhighs.dll (unknown line)
in expression starting at C:\Users\pacurarav\Desktop\New folder\NearOptimalAlternatives.jl\experiment_spores_native_hook.jl:124
_ZNK3ipx7Control14InterruptCheckEi at C:\Users\pacurarav\.julia\artifacts\955796be7e749f7752ded5f8fd07238c8319d954\bin\libhighs.dll (unknown line)
_ZN3ipx9Maxvolume6DriverERNS_5BasisERNS0_5SliceE at C:\Users\pacurarav\.julia\artifacts\955796be7e749f7752ded5f8fd07238c8319d954\bin\libhighs.dll (unknown line)
_ZN3ipx9Maxvolume12RunHeuristicEPKdRNS_5BasisE at C:\Users\pacurarav\.julia\artifacts\955796be7e749f7752ded5f8fd07238c8319d954\bin\libhighs.dll (unknown line)
_ZN3ipx14KKTSolverBasis10_FactorizeEPNS_7IterateEPNS_4InfoE at C:\Users\pacurarav\.julia\artifacts\955796be7e749f7752ded5f8fd07238c8319d954\bin\libhighs.dll (unknown line)
_ZN3ipx9KKTSolver9FactorizeEPNS_7IterateEPNS_4InfoE at C:\Users\pacurarav\.julia\artifacts\955796be7e749f7752ded5f8fd07238c8319d954\bin\libhighs.dll (unknown line)
_ZN3ipx3IPM6DriverEPNS_9KKTSolverEPNS_7IterateEPNS_4InfoE at C:\Users\pacurarav\.julia\artifacts\955796be7e749f7752ded5f8fd07238c8319d954\bin\libhighs.dll (unknown line)
_ZN3ipx8LpSolver10RunMainIPMERNS_3IPME at C:\Users\pacurarav\.julia\artifacts\955796be7e749f7752ded5f8fd07238c8319d954\bin\libhighs.dll (unknown line)
_ZN3ipx8LpSolver6RunIPMEv at C:\Users\pacurarav\.julia\artifacts\955796be7e749f7752ded5f8fd07238c8319d954\bin\libhighs.dll (unknown line)
_ZN3ipx8LpSolver18InteriorPointSolveEv at C:\Users\pacurarav\.julia\artifacts\955796be7e749f7752ded5f8fd07238c8319d954\bin\libhighs.dll (unknown line)
_ZN3ipx8LpSolver5SolveEv at C:\Users\pacurarav\.julia\artifacts\955796be7e749f7752ded5f8fd07238c8319d954\bin\libhighs.dll (unknown line)
_ZN4hipo6Solver13refineWithIpxEv at C:\Users\pacurarav\.julia\artifacts\955796be7e749f7752ded5f8fd07238c8319d954\bin\libhighs.dll (unknown line)
_ZN4hipo6Solver5solveEv at C:\Users\pacurarav\.julia\artifacts\955796be7e749f7752ded5f8fd07238c8319d954\bin\libhighs.dll (unknown line)
_Z9solveHipoRK12HighsOptionsR10HighsTimerRK7HighsLpRK12HighsHessianR10HighsBasisR13HighsSolutionR16HighsModelStatusR9HighsInfoR13HighsCallback at C:\Users\pacurarav\.julia\artifacts\955796be7e749f7752ded5f8fd07238c8319d954\bin\libhighs.dll (unknown line)
_Z11solveLpHipoR19HighsLpSolverObject at C:\Users\pacurarav\.julia\artifacts\955796be7e749f7752ded5f8fd07238c8319d954\bin\libhighs.dll (unknown line)
_Z7solveLpR19HighsLpSolverObjectNSt7__cxx1112basic_stringIcSt11char_traitsIcESaIcEEE at C:\Users\pacurarav\.julia\artifacts\955796be7e749f7752ded5f8fd07238c8319d954\bin\libhighs.dll (unknown line)
_ZZN5Highs19calledOptimizeModelEvENKUlR7HighsLpRKNSt7__cxx1112basic_stringIcSt11char_traitsIcESaIcEEERdE_clES1_S9_SA_.isra.745 at C:\Users\pacurarav\.julia\artifacts\955796be7e749f7752ded5f8fd07238c8319d954\bin\libhighs.dll (unknown line)
_ZN5Highs19calledOptimizeModelEv at C:\Users\pacurarav\.julia\artifacts\955796be7e749f7752ded5f8fd07238c8319d954\bin\libhighs.dll (unknown line)
_ZN5Highs13optimizeModelEv at C:\Users\pacurarav\.julia\artifacts\955796be7e749f7752ded5f8fd07238c8319d954\bin\libhighs.dll (unknown line)
_ZN5Highs3runEv at C:\Users\pacurarav\.julia\artifacts\955796be7e749f7752ded5f8fd07238c8319d954\bin\libhighs.dll (unknown line)
Highs_run at C:\Users\pacurarav\.julia\packages\HiGHS\yPMPW\src\gen\libhighs.jl:328 [inlined]
_Highs_run_workaround_issue_316 at C:\Users\pacurarav\.julia\packages\HiGHS\yPMPW\src\MOI_wrapper.jl:2253 [inlined]
#47 at C:\Users\pacurarav\.julia\packages\HiGHS\yPMPW\src\MOI_wrapper.jl:2300 [inlined]
disable_sigint at .\c.jl:167
optimize! at C:\Users\pacurarav\.julia\packages\HiGHS\yPMPW\src\MOI_wrapper.jl:2300
optimize! at C:\Users\pacurarav\.julia\packages\MathOptInterface\7aTit\src\Bridges\bridge_optimizer.jl:367 [inlined]
optimize! at C:\Users\pacurarav\.julia\packages\MathOptInterface\7aTit\src\Utilities\cachingoptimizer.jl:379
unknown function (ip: 0000017304fba40b) at (unknown file)
#optimize!#96 at C:\Users\pacurarav\.julia\packages\JuMP\0tD10\src\optimizer_interface.jl:610
optimize! at C:\Users\pacurarav\.julia\packages\JuMP\0tD10\src\optimizer_interface.jl:560 [inlined]
#generate_alternatives_optimization!#149 at C:\Users\pacurarav\Desktop\New folder\NearOptimalAlternatives.jl\src\generate-alternatives.jl:100
generate_alternatives_optimization! at C:\Users\pacurarav\Desktop\New folder\NearOptimalAlternatives.jl\src\generate-alternatives.jl:38
unknown function (ip: 0000017304fd1589) at (unknown file)
macro expansion at C:\Users\pacurarav\Desktop\New folder\NearOptimalAlternatives.jl\experiment_spores_native_hook.jl:142 [inlined]
macro expansion at .\timing.jl:461 [inlined]
top-level scope at C:\Users\pacurarav\Desktop\New folder\NearOptimalAlternatives.jl\experiment_spores_native_hook.jl:141
jl_toplevel_eval_flex at C:/workdir/src\toplevel.c:1024
jl_toplevel_eval_flex at C:/workdir/src\toplevel.c:975
ijl_toplevel_eval at C:/workdir/src\toplevel.c:1047 [inlined]
ijl_toplevel_eval_in at C:/workdir/src\toplevel.c:1092
eval at .\boot.jl:489
include_string at .\loading.jl:2870
_include at .\loading.jl:2930
include at .\Base.jl:306
exec_options at .\client.jl:317
_start at .\client.jl:550
jfptr__start_67175.1 at C:\Users\pacurarav\.julia\juliaup\julia-1.12.4+0.x64.w64.mingw32\lib\julia\sys.dll (unknown line)
jl_apply at C:/workdir/src\julia.h:2391 [inlined]
true_main at C:/workdir/src\jlapi.c:971
jl_repl_entrypoint at C:/workdir/src\jlapi.c:1139
mainCRTStartup at C:/workdir/cli\loader_exe.c:58
BaseThreadInitThunk at C:\WINDOWS\System32\KERNEL32.DLL (unknown line)
RtlUserThreadStart at C:\WINDOWS\SYSTEM32\ntdll.dll (unknown line)
Allocations: 93457930 (Pool: 93457224; Big: 706); GC: 27
[2026-07-23T14:30:17.008] spores native-hook: Norse backend=highs threads=1
  N=[2, 5, 10] eps=0.2 repeats=3 -> C:\Users\pacurarav\Desktop\New folder\NearOptimalAlternatives.jl\results\spores_native_hook
  N=2   barrier             base(excluded)=  4.839s  spores_total=   6.3373s  per_alt=  3.1686s
  N=2   warm_primal_simplex base(excluded)=  4.686s  spores_total=   3.2347s  per_alt=  1.6173s
