Precompiling packages...
  19065.3 ms  ✓ NearOptimalAlternatives
  1 dependency successfully precompiled in 81 seconds. 300 already precompiled.
Base objective: 2061.6586186161157
Base investments: [9.47691506278428, 0.0, 5.4603521407815325, 10.41568428057458, 0.0, 7.592495912795435, 0.0, 11.732125837897547]
[ Info: Setting up NearOptimalAlternatives problem with 8 target variables.
Your model's variable symbols are: [:dispatch, :assets_investment, :balance, :capacity]
[ Info: Loaded cached LP utopian solution from C:\Users\pacurarav\Desktop\New folder\NearOptimalAlternatives.jl\data\lp_utopian_cache.bin
Set parameter Username
Set parameter LicenseID to value 2786638
Academic license - for non-commercial use only - expires 2027-03-03
[ Info: Benders iteration 1: x_s=[9.477, 0.0, 5.46, 10.42, 0.0, 7.592, 0.0, 11.73] | total_cost=2061.66 | budget=2267.82 | g=[0.4274, 0.9631, 1.201, -0.9094, 4.159, 0.6768, 0.9198, 2.113] | mu_s=0.0
[ Info: Benders iteration 2: x_s=[1.428e-9, 28.27, 2.658e-9, 1.291e-9, 17.97, 2.252e-9, 29.72, 1.772e-9] | total_cost=2852.75 | budget=2267.82 | g=[3.442, 17.38, -2.109, -1.603, 8.712, -1.561, 15.76, -7.663] | mu_s=0.0
[ Info: Benders iteration 3: x_s=[7.225e-10, 17.92, 1.345e-9, 6.534e-10, 15.77, 1.14e-9, 19.01, 8.965e-10] | total_cost=2636.23 | budget=2267.82 | g=[-7.502, 7.82, -12.21, -10.48, 8.712, -8.567, 4.726, -17.46] | mu_s=0.0
┌ Warning: Terminated early due to NaN in gradient.
└ @ Optim C:\Users\pacurarav\.julia\packages\Optim\DtV5C\src\multivariate\optimize\optimize.jl:136
┌ Warning: Initial position cannot be on the boundary of the box. Moving elements to the interior.
│ Element indices affected: [1]
└ @ Optim C:\Users\pacurarav\.julia\packages\Optim\DtV5C\src\multivariate\solvers\constrained\fminbox.jl:474
┌ Warning: Terminated early due to NaN in gradient.
└ @ Optim C:\Users\pacurarav\.julia\packages\Optim\DtV5C\src\multivariate\optimize\optimize.jl:136
[ Info: Benders iteration 4: x_s=[0.1467, 13.44, 1.009e-9, 4.901e-10, 11.83, 8.547e-10, 14.25, 6.725e-10] | total_cost=2551.06 | budget=2267.82 | g=[-10.1, 6.076, -15.3, -13.61, 5.09, -10.1, 1.455, -20.78] | mu_s=0.0
┌ Warning: Terminated early due to NaN in gradient.
└ @ Optim C:\Users\pacurarav\.julia\packages\Optim\DtV5C\src\multivariate\optimize\optimize.jl:136
[ Info: Benders iteration 5: x_s=[0.11, 10.08, 1.174, 3.717e-10, 8.872, 6.529e-10, 10.69, 5.043e-10] | total_cost=2544.61 | budget=2267.82 | g=[-21.96, -10.21, -27.46, -26.0, -2.279, -24.83, -12.14, -35.54] | mu_s=0.0
┌ Warning: Terminated early due to NaN in gradient.
└ @ Optim C:\Users\pacurarav\.julia\packages\Optim\DtV5C\src\multivariate\optimize\optimize.jl:136
[ Info: Benders iteration 6: x_s=[1.223e-11, 5.563e-309, 7.365, 1.373e-11, 3.36e-14, 5.64e-11, 27.96, 6.263e-10] | total_cost=2506.02 | budget=2267.82 | g=[-7.568, -0.8516, -8.093, -12.9, -0.3206, -11.2, 13.94, -16.23] | mu_s=0.0
┌ Warning: Terminated early due to NaN in gradient.
└ @ Optim C:\Users\pacurarav\.julia\packages\Optim\DtV5C\src\multivariate\optimize\optimize.jl:136
┌ Warning: Initial position cannot be on the boundary of the box. Moving elements to the interior.
│ Element indices affected: [5]
└ @ Optim C:\Users\pacurarav\.julia\packages\Optim\DtV5C\src\multivariate\solvers\constrained\fminbox.jl:474
┌ Warning: Terminated early due to NaN in gradient.
└ @ Optim C:\Users\pacurarav\.julia\packages\Optim\DtV5C\src\multivariate\optimize\optimize.jl:136
┌ Warning: Initial position cannot be on the boundary of the box. Moving elements to the interior.
│ Element indices affected: [1]
└ @ Optim C:\Users\pacurarav\.julia\packages\Optim\DtV5C\src\multivariate\solvers\constrained\fminbox.jl:474
┌ Warning: Failed to achieve finite new evaluation point, using alpha=0
└ @ LineSearches C:\Users\pacurarav\.julia\packages\LineSearches\lihz0\src\hagerzhang.jl:156
┌ Warning: Terminated early due to NaN in gradient.
└ @ Optim C:\Users\pacurarav\.julia\packages\Optim\DtV5C\src\multivariate\optimize\optimize.jl:136
[ Info: Benders iteration 7: x_s=[0.5868, 6.78, 11.89, 3.111e-61, 0.7635, 0.0, 13.92, 1.606e-64] | total_cost=2338.13 | budget=2267.82 | g=[-16.07, -8.948, -16.38, -22.63, -7.219, -21.65, -7.21, -27.79] | mu_s=0.0
┌ Warning: Terminated early due to NaN in gradient.
└ @ Optim C:\Users\pacurarav\.julia\packages\Optim\DtV5C\src\multivariate\optimize\optimize.jl:136
[ Info: Benders iteration 8: x_s=[2.004e-12, 9.836, 2.132, 2.742e-12, 5.563e-309, 2.25e-11, 16.31, 5.377] | total_cost=2371.36 | budget=2267.82 | g=[-16.2, 0.1145, -20.04, -18.29, -3.905, -15.88, -1.812, -26.13] | mu_s=0.0
┌ Warning: Terminated early due to NaN in gradient.
└ @ Optim C:\Users\pacurarav\.julia\packages\Optim\DtV5C\src\multivariate\optimize\optimize.jl:136
[ Info: Benders iteration 9: x_s=[3.677e-304, 4.865, 10.01, 1.0979999999999999e-51, 7.127, 5.563e-309, 15.3, 0.8451] | total_cost=2351.48 | budget=2267.82 | g=[-12.2, -1.804, -11.21, -16.48, 2.464, -15.24, -1.739, -20.46] | mu_s=0.0
┌ Warning: Terminated early due to NaN in gradient.
└ @ Optim C:\Users\pacurarav\.julia\packages\Optim\DtV5C\src\multivariate\optimize\optimize.jl:136
[ Info: Benders iteration 10: x_s=[2.376e-27, 6.929, 3.405, 1.017e-22, 2.664, 5.563e-309, 16.82, 5.322] | total_cost=2341.52 | budget=2267.82 | g=[-14.63, -2.355, -15.32, -16.43, -0.6856, -15.42, 0.763, -21.09] | mu_s=0.0
┌ Warning: Terminated early due to NaN in gradient.
└ @ Optim C:\Users\pacurarav\.julia\packages\Optim\DtV5C\src\multivariate\optimize\optimize.jl:136
┌ Warning: Initial position cannot be on the boundary of the box. Moving elements to the interior.
│ Element indices affected: [1]
└ @ Optim C:\Users\pacurarav\.julia\packages\Optim\DtV5C\src\multivariate\solvers\constrained\fminbox.jl:474
┌ Warning: Terminated early due to NaN in gradient.
└ @ Optim C:\Users\pacurarav\.julia\packages\Optim\DtV5C\src\multivariate\optimize\optimize.jl:136
┌ Warning: Initial position cannot be on the boundary of the box. Moving elements to the interior.
│ Element indices affected: [4]
└ @ Optim C:\Users\pacurarav\.julia\packages\Optim\DtV5C\src\multivariate\solvers\constrained\fminbox.jl:474
┌ Warning: Terminated early due to NaN in gradient.
└ @ Optim C:\Users\pacurarav\.julia\packages\Optim\DtV5C\src\multivariate\optimize\optimize.jl:136
[ Info: Benders iteration 11: x_s=[0.5868, 13.04, 14.65, 0.5832, 1.87e-301, 0.0, 15.87, 1.361e-12] | total_cost=2334.93 | budget=2267.82 | g=[-0.8964, 8.864, -0.9696, -5.718, 5.553, -5.43, 11.77, -9.637] | mu_s=0.0
┌ Warning: Terminated early due to NaN in gradient.
└ @ Optim C:\Users\pacurarav\.julia\packages\Optim\DtV5C\src\multivariate\optimize\optimize.jl:136
┌ Warning: Initial position cannot be on the boundary of the box. Moving elements to the interior.
│ Element indices affected: [4]
└ @ Optim C:\Users\pacurarav\.julia\packages\Optim\DtV5C\src\multivariate\solvers\constrained\fminbox.jl:474
┌ Warning: Terminated early due to NaN in gradient.
└ @ Optim C:\Users\pacurarav\.julia\packages\Optim\DtV5C\src\multivariate\optimize\optimize.jl:136
┌ Warning: Initial position cannot be on the boundary of the box. Moving elements to the interior.
│ Element indices affected: [1]
└ @ Optim C:\Users\pacurarav\.julia\packages\Optim\DtV5C\src\multivariate\solvers\constrained\fminbox.jl:474
┌ Warning: Terminated early due to NaN in gradient.
└ @ Optim C:\Users\pacurarav\.julia\packages\Optim\DtV5C\src\multivariate\optimize\optimize.jl:136
┌ Warning: Initial position cannot be on the boundary of the box. Moving elements to the interior.
│ Element indices affected: [4]
└ @ Optim C:\Users\pacurarav\.julia\packages\Optim\DtV5C\src\multivariate\solvers\constrained\fminbox.jl:474
┌ Warning: Failed to achieve finite new evaluation point, using alpha=0
└ @ LineSearches C:\Users\pacurarav\.julia\packages\LineSearches\lihz0\src\hagerzhang.jl:156
┌ Warning: Failed to achieve finite new evaluation point, using alpha=0
└ @ LineSearches C:\Users\pacurarav\.julia\packages\LineSearches\lihz0\src\hagerzhang.jl:156
┌ Warning: Failed to achieve finite new evaluation point, using alpha=0
└ @ LineSearches C:\Users\pacurarav\.julia\packages\LineSearches\lihz0\src\hagerzhang.jl:156
┌ Warning: Failed to achieve finite new evaluation point, using alpha=0
└ @ LineSearches C:\Users\pacurarav\.julia\packages\LineSearches\lihz0\src\hagerzhang.jl:156
┌ Warning: Failed to achieve finite new evaluation point, using alpha=0
└ @ LineSearches C:\Users\pacurarav\.julia\packages\LineSearches\lihz0\src\hagerzhang.jl:156
┌ Warning: Failed to achieve finite new evaluation point, using alpha=0
└ @ LineSearches C:\Users\pacurarav\.julia\packages\LineSearches\lihz0\src\hagerzhang.jl:156
┌ Warning: Failed to achieve finite new evaluation point, using alpha=0
└ @ LineSearches C:\Users\pacurarav\.julia\packages\LineSearches\lihz0\src\hagerzhang.jl:156
┌ Warning: Failed to achieve finite new evaluation point, using alpha=0
└ @ LineSearches C:\Users\pacurarav\.julia\packages\LineSearches\lihz0\src\hagerzhang.jl:156
┌ Warning: Failed to achieve finite new evaluation point, using alpha=0
└ @ LineSearches C:\Users\pacurarav\.julia\packages\LineSearches\lihz0\src\hagerzhang.jl:156
┌ Warning: Failed to achieve finite new evaluation point, using alpha=0
└ @ LineSearches C:\Users\pacurarav\.julia\packages\LineSearches\lihz0\src\hagerzhang.jl:156
┌ Warning: Terminated early due to NaN in gradient.
└ @ Optim C:\Users\pacurarav\.julia\packages\Optim\DtV5C\src\multivariate\optimize\optimize.jl:136
┌ Warning: Initial position cannot be on the boundary of the box. Moving elements to the interior.
│ Element indices affected: [4]
└ @ Optim C:\Users\pacurarav\.julia\packages\Optim\DtV5C\src\multivariate\solvers\constrained\fminbox.jl:474
┌ Warning: Terminated early due to NaN in gradient.
└ @ Optim C:\Users\pacurarav\.julia\packages\Optim\DtV5C\src\multivariate\optimize\optimize.jl:136
[ Info: Benders iteration 12: x_s=[7.613999999999999e-123, 11.42, 9.182, 0.5832, 0.1186, 0.0, 13.83, 4.092] | total_cost=2282.66 | budget=2267.82 | g=[-6.55, 4.867, -7.563, -11.03, 1.916, -8.587, 4.769, -13.65] | mu_s=0.0
┌ Warning: Terminated early due to NaN in gradient.
└ @ Optim C:\Users\pacurarav\.julia\packages\Optim\DtV5C\src\multivariate\optimize\optimize.jl:136
[ Info: Benders iteration 13: x_s=[1.019e-75, 7.686, 5.744, 1.879e-21, 2.637, 5.563e-309, 15.4, 4.05] | total_cost=2330.07 | budget=2267.82 | g=[-16.38, -2.929, -16.75, -17.51, -1.585, -16.28, -1.559, -22.84] | mu_s=0.0
┌ Warning: Terminated early due to NaN in gradient.
└ @ Optim C:\Users\pacurarav\.julia\packages\Optim\DtV5C\src\multivariate\optimize\optimize.jl:136
┌ Warning: Initial position cannot be on the boundary of the box. Moving elements to the interior.
│ Element indices affected: [6]
└ @ Optim C:\Users\pacurarav\.julia\packages\Optim\DtV5C\src\multivariate\solvers\constrained\fminbox.jl:474
┌ Warning: Terminated early due to NaN in gradient.
└ @ Optim C:\Users\pacurarav\.julia\packages\Optim\DtV5C\src\multivariate\optimize\optimize.jl:136
[ Info: Benders iteration 14: x_s=[0.0, 9.668, 9.121, 3.2809999999999993e-168, 0.00459, 0.7415, 11.71, 4.403] | total_cost=2275.69 | budget=2267.82 | g=[-13.91, -1.063, -13.93, -17.5, -2.941, -14.72, -6.23, -20.98] | mu_s=0.0
┌ Warning: Terminated early due to NaN in gradient.
└ @ Optim C:\Users\pacurarav\.julia\packages\Optim\DtV5C\src\multivariate\optimize\optimize.jl:136
[ Info: Benders iteration 15: x_s=[2.9e-49, 7.337, 6.52, 1.943e-15, 3.451, 5.563e-309, 15.94, 3.804] | total_cost=2324.1 | budget=2267.82 | g=[-14.13, -1.89, -14.34, -15.83, 0.3025, -15.15, 1.286, -20.62] | mu_s=0.0
┌ Warning: Failed to achieve finite new evaluation point, using alpha=0
└ @ LineSearches C:\Users\pacurarav\.julia\packages\LineSearches\lihz0\src\hagerzhang.jl:156
┌ Warning: Terminated early due to NaN in gradient.
└ @ Optim C:\Users\pacurarav\.julia\packages\Optim\DtV5C\src\multivariate\optimize\optimize.jl:136
[ Info: Benders iteration 16: x_s=[5.563e-309, 8.09, 9.105, 7.884e-139, 0.0108, 0.01058, 15.45, 4.379] | total_cost=2284.67 | budget=2267.82 | g=[-9.155, -0.3113, -7.446, -13.05, 1.033, -11.69, 3.193, -14.5] | mu_s=0.0
┌ Warning: Terminated early due to NaN in gradient.
└ @ Optim C:\Users\pacurarav\.julia\packages\Optim\DtV5C\src\multivariate\optimize\optimize.jl:136
[ Info: Benders iteration 17: x_s=[5.563e-309, 10.66, 7.041, 1.503e-5, 1.575, 2.451e-25, 13.94, 3.56] | total_cost=2325.35 | budget=2267.82 | g=[-11.93, 3.699, -15.77, -15.29, 0.3684, -12.54, -1.122, -21.86] | mu_s=0.0
┌ Warning: Terminated early due to NaN in gradient.
└ @ Optim C:\Users\pacurarav\.julia\packages\Optim\DtV5C\src\multivariate\optimize\optimize.jl:136
[ Info: Benders iteration 18: x_s=[1.205e-301, 8.062, 9.32, 0.0, 2.591, 6.452e-70, 15.94, 7.315] | total_cost=2259.31 | budget=2267.82 | g=[-5.816, 3.696, -4.51, -9.962, 4.1, -6.661, 7.826, -9.913] | mu_s=0.0
┌ Warning: Terminated early due to NaN in gradient.
└ @ Optim C:\Users\pacurarav\.julia\packages\Optim\DtV5C\src\multivariate\optimize\optimize.jl:136
[ Info: Benders iteration 19: x_s=[1.6419999999999998e-23, 8.764, 7.209, 6.317e-26, 2.562, 5.563e-309, 14.24, 3.668] | total_cost=2316.61 | budget=2267.82 | g=[-13.29, 0.6548, -13.66, -15.23, 1.505, -13.9, -2.053, -19.75] | mu_s=0.0
┌ Warning: Terminated early due to NaN in gradient.
└ @ Optim C:\Users\pacurarav\.julia\packages\Optim\DtV5C\src\multivariate\optimize\optimize.jl:136
┌ Warning: Initial position cannot be on the boundary of the box. Moving elements to the interior.
│ Element indices affected: [5]
└ @ Optim C:\Users\pacurarav\.julia\packages\Optim\DtV5C\src\multivariate\solvers\constrained\fminbox.jl:474
┌ Warning: Terminated early due to NaN in gradient.
└ @ Optim C:\Users\pacurarav\.julia\packages\Optim\DtV5C\src\multivariate\optimize\optimize.jl:136
┌ Warning: Initial position cannot be on the boundary of the box. Moving elements to the interior.
│ Element indices affected: [1]
└ @ Optim C:\Users\pacurarav\.julia\packages\Optim\DtV5C\src\multivariate\solvers\constrained\fminbox.jl:474
┌ Warning: Terminated early due to NaN in gradient.
└ @ Optim C:\Users\pacurarav\.julia\packages\Optim\DtV5C\src\multivariate\optimize\optimize.jl:136
┌ Warning: Initial position cannot be on the boundary of the box. Moving elements to the interior.
│ Element indices affected: [4]
└ @ Optim C:\Users\pacurarav\.julia\packages\Optim\DtV5C\src\multivariate\solvers\constrained\fminbox.jl:474
[ Info: Benders iteration 20: x_s=[0.5868, 8.878, 7.021, 0.0, 0.7635, 4.683e-302, 14.13, 5.885] | total_cost=2271.44 | budget=2267.82 | g=[-8.77, 0.6548, -8.573, -13.21, 1.999, -11.85, 3.031, -14.66] | mu_s=0.0
┌ Warning: Terminated early due to NaN in gradient.
└ @ Optim C:\Users\pacurarav\.julia\packages\Optim\DtV5C\src\multivariate\optimize\optimize.jl:136
[ Info: Benders iteration 21: x_s=[5.563e-309, 9.317, 6.135, 9.542e-16, 1.114, 1.1e-25, 14.71, 4.423] | total_cost=2316.61 | budget=2267.82 | g=[-16.88, -2.226, -18.95, -18.28, -3.79, -16.09, -3.06, -25.04] | mu_s=0.0
┌ Warning: Terminated early due to NaN in gradient.
└ @ Optim C:\Users\pacurarav\.julia\packages\Optim\DtV5C\src\multivariate\optimize\optimize.jl:136
[ Info: Benders iteration 22: x_s=[5.563e-309, 9.138, 8.113, 6.558000000000001e-302, 1.846, 2.825e-300, 14.48, 3.157] | total_cost=2313.64 | budget=2267.82 | g=[-12.84, -0.3113, -13.95, -16.1, -1.172, -14.53, -3.307, -21.0] | mu_s=0.0
┌ Warning: Terminated early due to NaN in gradient.
└ @ Optim C:\Users\pacurarav\.julia\packages\Optim\DtV5C\src\multivariate\optimize\optimize.jl:136
[ Info: Benders iteration 23: x_s=[2.434e-19, 8.71, 7.235, 5.87e-293, 0.8534, 5.563e-309, 14.61, 5.779] | total_cost=2277.82 | budget=2267.82 | g=[-8.77, 0.6548, -8.573, -13.21, 1.999, -11.85, 3.031, -14.66] | mu_s=0.0
┌ Warning: Terminated early due to NaN in gradient.
└ @ Optim C:\Users\pacurarav\.julia\packages\Optim\DtV5C\src\multivariate\optimize\optimize.jl:136
[ Info: Benders iteration 24: x_s=[1.155e-16, 9.035, 7.053, 3.863e-38, 1.433, 5.563e-309, 15.05, 4.042] | total_cost=2309.52 | budget=2267.82 | g=[-11.87, 1.358, -13.95, -14.43, -0.2058, -12.86, -1.638, -20.04] | mu_s=0.0
┌ Warning: Terminated early due to NaN in gradient.
└ @ Optim C:\Users\pacurarav\.julia\packages\Optim\DtV5C\src\multivariate\optimize\optimize.jl:136
┌ Warning: Initial position cannot be on the boundary of the box. Moving elements to the interior.
│ Element indices affected: [6]
└ @ Optim C:\Users\pacurarav\.julia\packages\Optim\DtV5C\src\multivariate\solvers\constrained\fminbox.jl:474
┌ Warning: Terminated early due to NaN in gradient.
└ @ Optim C:\Users\pacurarav\.julia\packages\Optim\DtV5C\src\multivariate\optimize\optimize.jl:136
[ Info: Benders iteration 25: x_s=[5.578e-24, 8.468, 6.553, 8.787e-234, 5.563e-309, 0.5249, 14.2, 6.173] | total_cost=2269.9 | budget=2267.82 | g=[-9.514, 0.4046, -11.03, -14.69, -0.4561, -12.35, 0.8261, -17.12] | mu_s=0.0
┌ Warning: Terminated early due to NaN in gradient.
└ @ Optim C:\Users\pacurarav\.julia\packages\Optim\DtV5C\src\multivariate\optimize\optimize.jl:136
[ Info: Benders iteration 26: x_s=[2.687e-21, 7.766, 6.502, 5.563e-309, 2.465, 2.9989999999999996e-39, 15.33, 4.5] | total_cost=2308.76 | budget=2267.82 | g=[-14.49, -2.464, -14.86, -15.96, -1.12, -15.93, -0.1365, -20.95] | mu_s=0.0
┌ Warning: Failed to achieve finite new evaluation point, using alpha=0
└ @ LineSearches C:\Users\pacurarav\.julia\packages\LineSearches\lihz0\src\hagerzhang.jl:156
┌ Warning: Failed to achieve finite new evaluation point, using alpha=0
└ @ LineSearches C:\Users\pacurarav\.julia\packages\LineSearches\lihz0\src\hagerzhang.jl:156
┌ Warning: Failed to achieve finite new evaluation point, using alpha=0
└ @ LineSearches C:\Users\pacurarav\.julia\packages\LineSearches\lihz0\src\hagerzhang.jl:156
┌ Warning: Failed to achieve finite new evaluation point, using alpha=0
└ @ LineSearches C:\Users\pacurarav\.julia\packages\LineSearches\lihz0\src\hagerzhang.jl:156
┌ Warning: Failed to achieve finite new evaluation point, using alpha=0
└ @ LineSearches C:\Users\pacurarav\.julia\packages\LineSearches\lihz0\src\hagerzhang.jl:156
┌ Warning: Failed to achieve finite new evaluation point, using alpha=0
└ @ LineSearches C:\Users\pacurarav\.julia\packages\LineSearches\lihz0\src\hagerzhang.jl:156
┌ Warning: Failed to achieve finite new evaluation point, using alpha=0
└ @ LineSearches C:\Users\pacurarav\.julia\packages\LineSearches\lihz0\src\hagerzhang.jl:156
┌ Warning: Failed to achieve finite new evaluation point, using alpha=0
└ @ LineSearches C:\Users\pacurarav\.julia\packages\LineSearches\lihz0\src\hagerzhang.jl:156
┌ Warning: Failed to achieve finite new evaluation point, using alpha=0
└ @ LineSearches C:\Users\pacurarav\.julia\packages\LineSearches\lihz0\src\hagerzhang.jl:156
┌ Warning: Failed to achieve finite new evaluation point, using alpha=0
└ @ LineSearches C:\Users\pacurarav\.julia\packages\LineSearches\lihz0\src\hagerzhang.jl:156
┌ Warning: Failed to achieve finite new evaluation point, using alpha=0
└ @ LineSearches C:\Users\pacurarav\.julia\packages\LineSearches\lihz0\src\hagerzhang.jl:156
┌ Warning: Failed to achieve finite new evaluation point, using alpha=0
└ @ LineSearches C:\Users\pacurarav\.julia\packages\LineSearches\lihz0\src\hagerzhang.jl:156
┌ Warning: Failed to achieve finite new evaluation point, using alpha=0
└ @ LineSearches C:\Users\pacurarav\.julia\packages\LineSearches\lihz0\src\hagerzhang.jl:156
┌ Warning: Terminated early due to NaN in gradient.
└ @ Optim C:\Users\pacurarav\.julia\packages\Optim\DtV5C\src\multivariate\optimize\optimize.jl:136
┌ Warning: Initial position cannot be on the boundary of the box. Moving elements to the interior.
│ Element indices affected: [1]
└ @ Optim C:\Users\pacurarav\.julia\packages\Optim\DtV5C\src\multivariate\solvers\constrained\fminbox.jl:474
┌ Warning: Terminated early due to NaN in gradient.
└ @ Optim C:\Users\pacurarav\.julia\packages\Optim\DtV5C\src\multivariate\optimize\optimize.jl:136
[ Info: Benders iteration 27: x_s=[1.067e-19, 8.644, 8.573, 5.563e-309, 1.751, 0.02544, 13.74, 5.427] | total_cost=2270.4 | budget=2267.82 | g=[-7.904, 1.134, -6.967, -12.09, 2.478, -10.3, 4.159, -13.06] | mu_s=0.0
┌ Warning: Terminated early due to NaN in gradient.
└ @ Optim C:\Users\pacurarav\.julia\packages\Optim\DtV5C\src\multivariate\optimize\optimize.jl:136
[ Info: Benders iteration 28: x_s=[1.746e-41, 9.272, 7.309, 6.313e-18, 1.874, 5.563e-309, 14.11, 4.038] | total_cost=2308.16 | budget=2267.82 | g=[-11.87, 0.6548, -13.95, -15.14, -0.2058, -13.56, -2.341, -20.04] | mu_s=0.0
┌ Warning: Failed to achieve finite new evaluation point, using alpha=0
└ @ LineSearches C:\Users\pacurarav\.julia\packages\LineSearches\lihz0\src\hagerzhang.jl:156
┌ Warning: Failed to achieve finite new evaluation point, using alpha=0
└ @ LineSearches C:\Users\pacurarav\.julia\packages\LineSearches\lihz0\src\hagerzhang.jl:156
┌ Warning: Failed to achieve finite new evaluation point, using alpha=0
└ @ LineSearches C:\Users\pacurarav\.julia\packages\LineSearches\lihz0\src\hagerzhang.jl:156
┌ Warning: Failed to achieve finite new evaluation point, using alpha=0
└ @ LineSearches C:\Users\pacurarav\.julia\packages\LineSearches\lihz0\src\hagerzhang.jl:156
┌ Warning: Failed to achieve finite new evaluation point, using alpha=0
└ @ LineSearches C:\Users\pacurarav\.julia\packages\LineSearches\lihz0\src\hagerzhang.jl:156
┌ Warning: Failed to achieve finite new evaluation point, using alpha=0
└ @ LineSearches C:\Users\pacurarav\.julia\packages\LineSearches\lihz0\src\hagerzhang.jl:156
┌ Warning: Failed to achieve finite new evaluation point, using alpha=0
└ @ LineSearches C:\Users\pacurarav\.julia\packages\LineSearches\lihz0\src\hagerzhang.jl:156
┌ Warning: Failed to achieve finite new evaluation point, using alpha=0
└ @ LineSearches C:\Users\pacurarav\.julia\packages\LineSearches\lihz0\src\hagerzhang.jl:156
┌ Warning: Failed to achieve finite new evaluation point, using alpha=0
└ @ LineSearches C:\Users\pacurarav\.julia\packages\LineSearches\lihz0\src\hagerzhang.jl:156
┌ Warning: Failed to achieve finite new evaluation point, using alpha=0
└ @ LineSearches C:\Users\pacurarav\.julia\packages\LineSearches\lihz0\src\hagerzhang.jl:156
┌ Warning: Failed to achieve finite new evaluation point, using alpha=0
└ @ LineSearches C:\Users\pacurarav\.julia\packages\LineSearches\lihz0\src\hagerzhang.jl:156
┌ Warning: Failed to achieve finite new evaluation point, using alpha=0
└ @ LineSearches C:\Users\pacurarav\.julia\packages\LineSearches\lihz0\src\hagerzhang.jl:156
┌ Warning: Failed to achieve finite new evaluation point, using alpha=0
└ @ LineSearches C:\Users\pacurarav\.julia\packages\LineSearches\lihz0\src\hagerzhang.jl:156
┌ Warning: Failed to achieve finite new evaluation point, using alpha=0
└ @ LineSearches C:\Users\pacurarav\.julia\packages\LineSearches\lihz0\src\hagerzhang.jl:156
┌ Warning: Failed to achieve finite new evaluation point, using alpha=0
└ @ LineSearches C:\Users\pacurarav\.julia\packages\LineSearches\lihz0\src\hagerzhang.jl:156
┌ Warning: Failed to achieve finite new evaluation point, using alpha=0
└ @ LineSearches C:\Users\pacurarav\.julia\packages\LineSearches\lihz0\src\hagerzhang.jl:156
┌ Warning: Failed to achieve finite new evaluation point, using alpha=0
└ @ LineSearches C:\Users\pacurarav\.julia\packages\LineSearches\lihz0\src\hagerzhang.jl:156
┌ Warning: Failed to achieve finite new evaluation point, using alpha=0
└ @ LineSearches C:\Users\pacurarav\.julia\packages\LineSearches\lihz0\src\hagerzhang.jl:156
┌ Warning: Failed to achieve finite new evaluation point, using alpha=0
└ @ LineSearches C:\Users\pacurarav\.julia\packages\LineSearches\lihz0\src\hagerzhang.jl:156
┌ Warning: Failed to achieve finite new evaluation point, using alpha=0
└ @ LineSearches C:\Users\pacurarav\.julia\packages\LineSearches\lihz0\src\hagerzhang.jl:156
┌ Warning: Failed to achieve finite new evaluation point, using alpha=0
└ @ LineSearches C:\Users\pacurarav\.julia\packages\LineSearches\lihz0\src\hagerzhang.jl:156
┌ Warning: Failed to achieve finite new evaluation point, using alpha=0
└ @ LineSearches C:\Users\pacurarav\.julia\packages\LineSearches\lihz0\src\hagerzhang.jl:156
┌ Warning: Terminated early due to NaN in gradient.
└ @ Optim C:\Users\pacurarav\.julia\packages\Optim\DtV5C\src\multivariate\optimize\optimize.jl:136
┌ Warning: Initial position cannot be on the boundary of the box. Moving elements to the interior.
│ Element indices affected: [1]
└ @ Optim C:\Users\pacurarav\.julia\packages\Optim\DtV5C\src\multivariate\solvers\constrained\fminbox.jl:474
┌ Warning: Terminated early due to NaN in gradient.
└ @ Optim C:\Users\pacurarav\.julia\packages\Optim\DtV5C\src\multivariate\optimize\optimize.jl:136
[ Info: Benders iteration 29: x_s=[0.5848, 8.965, 5.425, 0.0, 0.02311, 0.09052, 14.29, 7.277] | total_cost=2263.77 | budget=2267.82 | g=[-9.264, 0.6548, -10.78, -14.69, -0.2058, -12.35, 0.8261, -16.87] | mu_s=0.0
┌ Warning: Terminated early due to NaN in gradient.
└ @ Optim C:\Users\pacurarav\.julia\packages\Optim\DtV5C\src\multivariate\optimize\optimize.jl:136
[ Info: Benders iteration 30: x_s=[1.4480000000000002e-20, 8.26, 6.6, 5.563e-309, 2.386, 0.001048, 14.65, 4.54] | total_cost=2307.1 | budget=2267.82 | g=[-11.38, 0.6548, -11.74, -13.66, 1.999, -13.06, -0.1365, -17.83] | mu_s=0.0
┌ Warning: Terminated early due to NaN in gradient.
└ @ Optim C:\Users\pacurarav\.julia\packages\Optim\DtV5C\src\multivariate\optimize\optimize.jl:136
[ Info: Benders iteration 31: x_s=[1.9090000000000001e-59, 8.765, 6.882, 5.563e-309, 0.886, 0.02089, 15.02, 4.546] | total_cost=2301.84 | budget=2267.82 | g=[-14.99, -2.464, -17.06, -17.44, -3.324, -16.43, -2.341, -23.15] | mu_s=0.0
┌ Warning: Failed to achieve finite new evaluation point, using alpha=0
└ @ LineSearches C:\Users\pacurarav\.julia\packages\LineSearches\lihz0\src\hagerzhang.jl:156
┌ Warning: Failed to achieve finite new evaluation point, using alpha=0
└ @ LineSearches C:\Users\pacurarav\.julia\packages\LineSearches\lihz0\src\hagerzhang.jl:156
┌ Warning: Terminated early due to NaN in gradient.
└ @ Optim C:\Users\pacurarav\.julia\packages\Optim\DtV5C\src\multivariate\optimize\optimize.jl:136
┌ Warning: Initial position cannot be on the boundary of the box. Moving elements to the interior.
│ Element indices affected: [4]
└ @ Optim C:\Users\pacurarav\.julia\packages\Optim\DtV5C\src\multivariate\solvers\constrained\fminbox.jl:474
┌ Warning: Terminated early due to NaN in gradient.
└ @ Optim C:\Users\pacurarav\.julia\packages\Optim\DtV5C\src\multivariate\optimize\optimize.jl:136
┌ Warning: Initial position cannot be on the boundary of the box. Moving elements to the interior.
│ Element indices affected: [6]
└ @ Optim C:\Users\pacurarav\.julia\packages\Optim\DtV5C\src\multivariate\solvers\constrained\fminbox.jl:474
┌ Warning: Terminated early due to NaN in gradient.
└ @ Optim C:\Users\pacurarav\.julia\packages\Optim\DtV5C\src\multivariate\optimize\optimize.jl:136
┌ Warning: Initial position cannot be on the boundary of the box. Moving elements to the interior.
│ Element indices affected: [6]
└ @ Optim C:\Users\pacurarav\.julia\packages\Optim\DtV5C\src\multivariate\solvers\constrained\fminbox.jl:474
[ Info: Benders iteration 32: x_s=[1.338e-301, 9.321, 9.021, 1.318, 2.007, 0.0, 14.36, 4.221] | total_cost=2273.96 | budget=2267.82 | g=[-7.48, 3.316, -5.181, -9.769, 3.17, -7.858, 5.6, -11.79] | mu_s=0.0
┌ Warning: Terminated early due to NaN in gradient.
└ @ Optim C:\Users\pacurarav\.julia\packages\Optim\DtV5C\src\multivariate\optimize\optimize.jl:136
[ Info: Benders iteration 33: x_s=[1.076e-28, 8.405, 6.56, 5.563e-309, 2.171, 1.579e-42, 14.42, 4.665] | total_cost=2305.04 | budget=2267.82 | g=[-11.38, 0.6548, -11.74, -13.66, 1.999, -13.06, -0.1365, -17.83] | mu_s=0.0
┌ Warning: Terminated early due to NaN in gradient.
└ @ Optim C:\Users\pacurarav\.julia\packages\Optim\DtV5C\src\multivariate\optimize\optimize.jl:136
[ Info: Benders iteration 34: x_s=[2.443e-17, 8.858, 6.828, 8.754000000000001e-26, 9.055000000000001e-20, 5.563e-309, 13.85, 6.241] | total_cost=2272.24 | budget=2267.82 | g=[-9.264, 0.6548, -10.78, -14.69, -0.2058, -12.35, 0.8261, -16.87] | mu_s=0.0
┌ Warning: Terminated early due to NaN in gradient.
└ @ Optim C:\Users\pacurarav\.julia\packages\Optim\DtV5C\src\multivariate\optimize\optimize.jl:136
[ Info: Benders iteration 35: x_s=[5.563e-309, 8.414, 6.324, 3.901e-15, 1.512, 0.00713, 14.68, 4.932] | total_cost=2302.24 | budget=2267.82 | g=[-14.99, -2.464, -17.06, -17.44, -3.324, -16.43, -2.341, -23.15] | mu_s=0.0
┌ Warning: Terminated early due to NaN in gradient.
└ @ Optim C:\Users\pacurarav\.julia\packages\Optim\DtV5C\src\multivariate\optimize\optimize.jl:136
┌ Warning: Initial position cannot be on the boundary of the box. Moving elements to the interior.
│ Element indices affected: [1]
└ @ Optim C:\Users\pacurarav\.julia\packages\Optim\DtV5C\src\multivariate\solvers\constrained\fminbox.jl:474
┌ Warning: Terminated early due to NaN in gradient.
└ @ Optim C:\Users\pacurarav\.julia\packages\Optim\DtV5C\src\multivariate\optimize\optimize.jl:136
┌ Warning: Initial position cannot be on the boundary of the box. Moving elements to the interior.
│ Element indices affected: [4]
└ @ Optim C:\Users\pacurarav\.julia\packages\Optim\DtV5C\src\multivariate\solvers\constrained\fminbox.jl:474
┌ Warning: Terminated early due to NaN in gradient.
└ @ Optim C:\Users\pacurarav\.julia\packages\Optim\DtV5C\src\multivariate\optimize\optimize.jl:136
[ Info: Benders iteration 36: x_s=[1.418, 7.064, 3.26, 0.2935, 0.0, 5.563e-309, 14.77, 8.511] | total_cost=2261.46 | budget=2267.82 | g=[-10.55, -5.792, -14.87, -17.79, -5.757, -15.24, -0.3057, -18.72] | mu_s=0.0
┌ Warning: Terminated early due to NaN in gradient.
└ @ Optim C:\Users\pacurarav\.julia\packages\Optim\DtV5C\src\multivariate\optimize\optimize.jl:136
[ Info: Benders iteration 37: x_s=[9.487e-50, 8.905, 7.691, 8.047999999999999e-24, 2.48, 5.563e-309, 13.91, 3.917] | total_cost=2306.13 | budget=2267.82 | g=[-11.38, 0.6548, -11.74, -13.66, 1.999, -13.06, -0.1365, -17.83] | mu_s=0.0
┌ Warning: Failed to achieve finite new evaluation point, using alpha=0
└ @ LineSearches C:\Users\pacurarav\.julia\packages\LineSearches\lihz0\src\hagerzhang.jl:156
┌ Warning: Failed to achieve finite new evaluation point, using alpha=0
└ @ LineSearches C:\Users\pacurarav\.julia\packages\LineSearches\lihz0\src\hagerzhang.jl:156
┌ Warning: Failed to achieve finite new evaluation point, using alpha=0
└ @ LineSearches C:\Users\pacurarav\.julia\packages\LineSearches\lihz0\src\hagerzhang.jl:156
[ Info: Benders iteration 38: x_s=[7.237e-10, 9.432, 8.089, 7.723e-10, 1.337, 5.679e-9, 14.3, 3.609] | total_cost=2305.65 | budget=2267.82 | g=[-11.87, 0.6548, -13.95, -15.14, -0.2058, -13.56, -2.341, -20.04] | mu_s=0.0
┌ Warning: Terminated early due to NaN in gradient.
└ @ Optim C:\Users\pacurarav\.julia\packages\Optim\DtV5C\src\multivariate\optimize\optimize.jl:136
[ Info: Benders iteration 39: x_s=[5.563e-309, 8.66, 5.382, 4.097e-19, 0.0007383, 3.671e-23, 14.29, 7.207] | total_cost=2271.74 | budget=2267.82 | g=[-9.264, 0.6548, -10.78, -14.69, -0.2058, -12.35, 0.8261, -16.87] | mu_s=0.0
┌ Warning: Terminated early due to NaN in gradient.
└ @ Optim C:\Users\pacurarav\.julia\packages\Optim\DtV5C\src\multivariate\optimize\optimize.jl:136
[ Info: Benders iteration 40: x_s=[1.665e-31, 8.603, 7.562, 5.563e-309, 1.816, 0.0005944, 14.59, 4.11] | total_cost=2302.58 | budget=2267.82 | g=[-11.38, 0.6548, -11.74, -13.66, 1.999, -13.06, -0.1365, -17.83] | mu_s=0.0
┌ Warning: Failed to achieve finite new evaluation point, using alpha=0
└ @ LineSearches C:\Users\pacurarav\.julia\packages\LineSearches\lihz0\src\hagerzhang.jl:156
┌ Warning: Failed to achieve finite new evaluation point, using alpha=0
└ @ LineSearches C:\Users\pacurarav\.julia\packages\LineSearches\lihz0\src\hagerzhang.jl:156
┌ Warning: Failed to achieve finite new evaluation point, using alpha=0
└ @ LineSearches C:\Users\pacurarav\.julia\packages\LineSearches\lihz0\src\hagerzhang.jl:156
┌ Warning: Terminated early due to NaN in gradient.
└ @ Optim C:\Users\pacurarav\.julia\packages\Optim\DtV5C\src\multivariate\optimize\optimize.jl:136
┌ Warning: Initial position cannot be on the boundary of the box. Moving elements to the interior.
│ Element indices affected: [4]
└ @ Optim C:\Users\pacurarav\.julia\packages\Optim\DtV5C\src\multivariate\solvers\constrained\fminbox.jl:474
┌ Warning: Terminated early due to NaN in gradient.
└ @ Optim C:\Users\pacurarav\.julia\packages\Optim\DtV5C\src\multivariate\optimize\optimize.jl:136
┌ Warning: Initial position cannot be on the boundary of the box. Moving elements to the interior.
│ Element indices affected: [1]
└ @ Optim C:\Users\pacurarav\.julia\packages\Optim\DtV5C\src\multivariate\solvers\constrained\fminbox.jl:474
┌ Warning: Terminated early due to NaN in gradient.
└ @ Optim C:\Users\pacurarav\.julia\packages\Optim\DtV5C\src\multivariate\optimize\optimize.jl:136
[ Info: Benders iteration 41: x_s=[0.5834, 9.371, 8.913, 0.5794, 0.9106, 0.0, 14.97, 5.215] | total_cost=2266.92 | budget=2267.82 | g=[-5.929, 4.867, -5.568, -9.769, 2.783, -7.324, 6.764, -11.79] | mu_s=0.0
┌ Warning: Terminated early due to NaN in gradient.
└ @ Optim C:\Users\pacurarav\.julia\packages\Optim\DtV5C\src\multivariate\optimize\optimize.jl:136
┌ Warning: Initial position cannot be on the boundary of the box. Moving elements to the interior.
│ Element indices affected: [1]
└ @ Optim C:\Users\pacurarav\.julia\packages\Optim\DtV5C\src\multivariate\solvers\constrained\fminbox.jl:474
┌ Warning: Terminated early due to NaN in gradient.
└ @ Optim C:\Users\pacurarav\.julia\packages\Optim\DtV5C\src\multivariate\optimize\optimize.jl:136
┌ Warning: Initial position cannot be on the boundary of the box. Moving elements to the interior.
│ Element indices affected: [6]
└ @ Optim C:\Users\pacurarav\.julia\packages\Optim\DtV5C\src\multivariate\solvers\constrained\fminbox.jl:474
┌ Warning: Terminated early due to NaN in gradient.
└ @ Optim C:\Users\pacurarav\.julia\packages\Optim\DtV5C\src\multivariate\optimize\optimize.jl:136
┌ Warning: Initial position cannot be on the boundary of the box. Moving elements to the interior.
│ Element indices affected: [6]
└ @ Optim C:\Users\pacurarav\.julia\packages\Optim\DtV5C\src\multivariate\solvers\constrained\fminbox.jl:474
┌ Warning: Failed to achieve finite new evaluation point, using alpha=0
└ @ LineSearches C:\Users\pacurarav\.julia\packages\LineSearches\lihz0\src\hagerzhang.jl:156
┌ Warning: Terminated early due to NaN in gradient.
└ @ Optim C:\Users\pacurarav\.julia\packages\Optim\DtV5C\src\multivariate\optimize\optimize.jl:136
[ Info: Benders iteration 42: x_s=[0.0, 8.498, 8.545, 3.623e-302, 0.375, 3.133, 13.56, 9.192] | total_cost=2201.69 | budget=2267.82 | g=[-4.815, 4.203, -3.834, -8.796, 4.045, -5.012, 7.771, -8.962] | mu_s=0.0
┌ Warning: Terminated early due to NaN in gradient.
└ @ Optim C:\Users\pacurarav\.julia\packages\Optim\DtV5C\src\multivariate\optimize\optimize.jl:136
[ Info: Benders iteration 43: x_s=[5.563e-309, 8.245, 6.959, 4.484e-21, 1.872, 0.01182, 14.25, 4.527] | total_cost=2302.06 | budget=2267.82 | g=[-11.87, 0.6548, -12.23, -14.16, 1.505, -13.55, -0.6305, -18.32] | mu_s=0.0
┌ Warning: Terminated early due to NaN in gradient.
└ @ Optim C:\Users\pacurarav\.julia\packages\Optim\DtV5C\src\multivariate\optimize\optimize.jl:136
[ Info: Benders iteration 44: x_s=[3.346e-25, 8.681, 8.159, 1.143e-21, 1.542, 5.563e-309, 14.52, 5.791] | total_cost=2271.59 | budget=2267.82 | g=[-8.189, 0.6548, -7.446, -12.09, 1.999, -10.72, 4.159, -13.54] | mu_s=0.0
┌ Warning: Terminated early due to NaN in gradient.
└ @ Optim C:\Users\pacurarav\.julia\packages\Optim\DtV5C\src\multivariate\optimize\optimize.jl:136
[ Info: Benders iteration 45: x_s=[7.13e-27, 8.773, 6.964, 5.563e-309, 1.008, 0.01096, 14.2, 4.598] | total_cost=2301.27 | budget=2267.82 | g=[-12.84, -0.3113, -13.95, -16.1, -1.172, -14.53, -3.307, -21.0] | mu_s=0.0
┌ Warning: Terminated early due to NaN in gradient.
└ @ Optim C:\Users\pacurarav\.julia\packages\Optim\DtV5C\src\multivariate\optimize\optimize.jl:136
[ Info: Benders iteration 46: x_s=[3.245e-25, 8.464, 6.994, 8.132e-33, 1.506, 5.563e-309, 14.66, 6.378] | total_cost=2272.73 | budget=2267.82 | g=[-7.864, 0.6548, -7.446, -12.09, 2.324, -10.4, 4.484, -13.21] | mu_s=0.0
┌ Warning: Terminated early due to NaN in gradient.
└ @ Optim C:\Users\pacurarav\.julia\packages\Optim\DtV5C\src\multivariate\optimize\optimize.jl:136
┌ Warning: Initial position cannot be on the boundary of the box. Moving elements to the interior.
│ Element indices affected: [4]
└ @ Optim C:\Users\pacurarav\.julia\packages\Optim\DtV5C\src\multivariate\solvers\constrained\fminbox.jl:474
┌ Warning: Terminated early due to NaN in gradient.
└ @ Optim C:\Users\pacurarav\.julia\packages\Optim\DtV5C\src\multivariate\optimize\optimize.jl:136
┌ Warning: Initial position cannot be on the boundary of the box. Moving elements to the interior.
│ Element indices affected: [6]
└ @ Optim C:\Users\pacurarav\.julia\packages\Optim\DtV5C\src\multivariate\solvers\constrained\fminbox.jl:474
┌ Warning: Terminated early due to NaN in gradient.
└ @ Optim C:\Users\pacurarav\.julia\packages\Optim\DtV5C\src\multivariate\optimize\optimize.jl:136
┌ Warning: Initial position cannot be on the boundary of the box. Moving elements to the interior.
│ Element indices affected: [6]
└ @ Optim C:\Users\pacurarav\.julia\packages\Optim\DtV5C\src\multivariate\solvers\constrained\fminbox.jl:474
┌ Warning: Failed to achieve finite new evaluation point, using alpha=0
└ @ LineSearches C:\Users\pacurarav\.julia\packages\LineSearches\lihz0\src\hagerzhang.jl:156
[ Info: Benders iteration 47: x_s=[3.6810000000000004e-301, 8.772, 6.804, 0.8038, 2.119, 0.0, 13.8, 5.279] | total_cost=2280.48 | budget=2267.82 | g=[-10.93, 0.6548, -11.29, -13.21, 1.999, -12.61, 0.3129, -17.38] | mu_s=0.0
┌ Warning: Failed to achieve finite new evaluation point, using alpha=0
└ @ LineSearches C:\Users\pacurarav\.julia\packages\LineSearches\lihz0\src\hagerzhang.jl:156
┌ Warning: Failed to achieve finite new evaluation point, using alpha=0
└ @ LineSearches C:\Users\pacurarav\.julia\packages\LineSearches\lihz0\src\hagerzhang.jl:156
┌ Warning: Terminated early due to NaN in gradient.
└ @ Optim C:\Users\pacurarav\.julia\packages\Optim\DtV5C\src\multivariate\optimize\optimize.jl:136
┌ Warning: Initial position cannot be on the boundary of the box. Moving elements to the interior.
│ Element indices affected: [1]
└ @ Optim C:\Users\pacurarav\.julia\packages\Optim\DtV5C\src\multivariate\solvers\constrained\fminbox.jl:474
┌ Warning: Terminated early due to NaN in gradient.
└ @ Optim C:\Users\pacurarav\.julia\packages\Optim\DtV5C\src\multivariate\optimize\optimize.jl:136
┌ Warning: Initial position cannot be on the boundary of the box. Moving elements to the interior.
│ Element indices affected: [4]
└ @ Optim C:\Users\pacurarav\.julia\packages\Optim\DtV5C\src\multivariate\solvers\constrained\fminbox.jl:474
┌ Warning: Terminated early due to NaN in gradient.
└ @ Optim C:\Users\pacurarav\.julia\packages\Optim\DtV5C\src\multivariate\optimize\optimize.jl:136
[ Info: Benders iteration 48: x_s=[0.778, 3.785, 0.0, 2.487, 8.109, 7.819e-301, 14.08, 9.939] | total_cost=2262.7 | budget=2267.82 | g=[-8.021, 3.231, -10.79, -9.286, 7.56, -8.85, 2.897, -13.96] | mu_s=0.0
┌ Warning: Failed to achieve finite new evaluation point, using alpha=0
└ @ LineSearches C:\Users\pacurarav\.julia\packages\LineSearches\lihz0\src\hagerzhang.jl:156
┌ Warning: Failed to achieve finite new evaluation point, using alpha=0
└ @ LineSearches C:\Users\pacurarav\.julia\packages\LineSearches\lihz0\src\hagerzhang.jl:156
┌ Warning: Terminated early due to NaN in gradient.
└ @ Optim C:\Users\pacurarav\.julia\packages\Optim\DtV5C\src\multivariate\optimize\optimize.jl:136
┌ Warning: Initial position cannot be on the boundary of the box. Moving elements to the interior.
│ Element indices affected: [1]
└ @ Optim C:\Users\pacurarav\.julia\packages\Optim\DtV5C\src\multivariate\solvers\constrained\fminbox.jl:474
┌ Warning: Terminated early due to NaN in gradient.
└ @ Optim C:\Users\pacurarav\.julia\packages\Optim\DtV5C\src\multivariate\optimize\optimize.jl:136
┌ Warning: Initial position cannot be on the boundary of the box. Moving elements to the interior.
│ Element indices affected: [4]
└ @ Optim C:\Users\pacurarav\.julia\packages\Optim\DtV5C\src\multivariate\solvers\constrained\fminbox.jl:474
┌ Warning: Failed to achieve finite new evaluation point, using alpha=0
└ @ LineSearches C:\Users\pacurarav\.julia\packages\LineSearches\lihz0\src\hagerzhang.jl:156
┌ Warning: Terminated early due to NaN in gradient.
└ @ Optim C:\Users\pacurarav\.julia\packages\Optim\DtV5C\src\multivariate\optimize\optimize.jl:136
[ Info: Benders iteration 49: x_s=[0.0, 9.69, 13.11, 3.275, 2.608, 6.795, 11.89, 16.18] | total_cost=2223.18 | budget=2267.82 | g=[3.152, 8.27, 6.183, 1.909, 10.47, 6.03, 10.13, 4.663] | mu_s=0.0
┌ Warning: Terminated early due to NaN in gradient.
└ @ Optim C:\Users\pacurarav\.julia\packages\Optim\DtV5C\src\multivariate\optimize\optimize.jl:136
[ Info: Benders iteration 50: x_s=[1.7779999999999998e-29, 9.705, 9.251, 0.0, 1.006, 2.047e-35, 15.37, 8.805] | total_cost=2243.0 | budget=2267.82 | g=[-2.712, 6.956, -3.025, -8.253, 4.243, -5.482, 9.583, -8.419] | mu_s=0.0
┌ Warning: Terminated early due to NaN in gradient.
└ @ Optim C:\Users\pacurarav\.julia\packages\Optim\DtV5C\src\multivariate\optimize\optimize.jl:136
[ Info: Structural master (8 investment vars, 50 cuts): obj=4.99112 | LP utopian (structural)=4.67857 | gap=6.68%
[ Info: Before recovery: obj=4.99112 | gap to LP utopian=6.68%
Projection successful! Max distance from L-BFGS guess: 1.3135206025094156e-5
Projection successful! Max percentage deviation: 13.135206025094156
[ Info: After  recovery: obj=4.99114 | gap=6.68%
[ Info: Comparison plot saved to C:\Users\pacurarav\Desktop\New folder\NearOptimalAlternatives.jl\alm_trajectory.png

Alternative investments: [0.5848334759685747, 8.965371080977254, 5.424804263798096, 1.3135206025094156e-5, 0.023112402059642184, 0.09052658717123263, 14.287743660207006, 7.276612897805866]
Alternative objective (full model): 2267.8244804777337

=== VALIDATION ===
LP utopian wᵀx (full model):     4.678574154313509
Recovered  wᵀx (full model):     4.991137991314028
Gap to LP utopian:                6.6807%
ERROR: LoadError: ArgumentError: reducing over an empty collection is not allowed; consider supplying `init` to the reducer
Stacktrace:
  [1] _empty_reduce_error()
    @ Base .\reduce.jl:311
  [2] mapreduce_empty(f::Function, op::Base.BottomRF{typeof(Base.add_sum)}, T::Type)
    @ Base .\reduce.jl:313
  [3] reduce_empty(op::Base.MappingRF{var"#36#37", Base.BottomRF{typeof(Base.add_sum)}}, ::Type{VariableRef})
    @ Base .\reduce.jl:350
  [4] reduce_empty(op::Base.FilteringRF{var"#38#39", Base.MappingRF{var"#36#37", Base.BottomRF{typeof(Base.add_sum)}}}, ::Type{VariableRef})
    @ Base .\reduce.jl:351
  [5] reduce_empty_iter
    @ .\reduce.jl:373 [inlined]
  [6] reduce_empty_iter
    @ .\reduce.jl:372 [inlined]
  [7] foldl_impl
    @ .\reduce.jl:41 [inlined]
  [8] mapfoldl_impl
    @ .\reduce.jl:36 [inlined]
  [9] mapfoldl
    @ .\reduce.jl:167 [inlined]
 [10] mapreduce
    @ .\reduce.jl:299 [inlined]
 [11] sum
    @ .\reduce.jl:524 [inlined]
 [12] sum(a::Base.Generator{Base.Iterators.Filter{var"#38#39", Vector{VariableRef}}, var"#36#37"})
    @ Base .\reduce.jl:553
 [13] top-level scope
    @ C:\Users\pacurarav\Desktop\New folder\NearOptimalAlternatives.jl\synthetic_test.jl:113
 [14] include(mod::Module, _path::String)
    @ Base .\Base.jl:306
 [15] exec_options(opts::Base.JLOptions)
    @ Base .\client.jl:317
 [16] _start()
    @ Base .\client.jl:550
in expression starting at C:\Users\pacurarav\Desktop\New folder\NearOptimalAlternatives.jl\synthetic_test.jl:113
