Precompiling packages...
  10376.0 ms  ✓ NearOptimalAlternatives
  1 dependency successfully precompiled in 15 seconds. 300 already precompiled.
Base objective: 2061.6586186161157
Base investments: [9.47691506278428, 0.0, 5.4603521407815325, 10.41568428057458, 0.0, 7.592495912795435, 0.0, 11.732125837897547]
[ Info: Setting up NearOptimalAlternatives problem with 8 target variables.
Your model's variable symbols are: [:dispatch, :assets_investment, :balance, :capacity]
[ Info: Loaded cached LP utopian solution from C:\Users\pacurarav\Desktop\New folder\NearOptimalAlternatives.jl\data\lp_utopian_cache.bin
Set parameter Username
Set parameter LicenseID to value 2786638
Academic license - for non-commercial use only - expires 2027-03-03
[ Info: Benders iteration 1: x_s=[9.477, 0.0, 5.46, 10.42, 0.0, 7.592, 0.0, 11.73] | total_cost=2061.66 | budget=2267.82 | g=[0.4274, 0.9631, 1.201, -0.9094, 4.159, 0.6768, 0.9198, 2.113] | mu_s=0.0
Set parameter Username
Set parameter LicenseID to value 2786638
Academic license - for non-commercial use only - expires 2027-03-03
Set parameter Username
Set parameter LicenseID to value 2786638
Academic license - for non-commercial use only - expires 2027-03-03
[ Info: Benders iteration 2: x_s=[1.428e-9, 28.27, 2.658e-9, 1.291e-9, 17.97, 2.252e-9, 29.72, 1.772e-9] | total_cost=2852.75 | budget=2267.82 | g=[3.442, 17.38, -2.109, -1.603, 8.712, -1.561, 15.76, -7.663] | mu_s=0.0
Set parameter Username
Set parameter LicenseID to value 2786638
Academic license - for non-commercial use only - expires 2027-03-03
Set parameter Username
Set parameter LicenseID to value 2786638
Academic license - for non-commercial use only - expires 2027-03-03
Set parameter Username
Set parameter LicenseID to value 2786638
Academic license - for non-commercial use only - expires 2027-03-03
[ Info: Benders iteration 3: x_s=[7.225e-10, 17.92, 1.345e-9, 6.534e-10, 15.77, 1.14e-9, 19.01, 8.965e-10] | total_cost=2636.23 | budget=2267.82 | g=[-7.502, 7.82, -12.21, -10.48, 8.712, -8.567, 4.726, -17.46] | mu_s=0.0
┌ Warning: Terminated early due to NaN in gradient.
└ @ Optim C:\Users\pacurarav\.julia\packages\Optim\DtV5C\src\multivariate\optimize\optimize.jl:136
┌ Warning: Initial position cannot be on the boundary of the box. Moving elements to the interior.
│ Element indices affected: [1]
└ @ Optim C:\Users\pacurarav\.julia\packages\Optim\DtV5C\src\multivariate\solvers\constrained\fminbox.jl:474
┌ Warning: Terminated early due to NaN in gradient.
└ @ Optim C:\Users\pacurarav\.julia\packages\Optim\DtV5C\src\multivariate\optimize\optimize.jl:136
Set parameter Username
Set parameter LicenseID to value 2786638
Academic license - for non-commercial use only - expires 2027-03-03
Set parameter Username
Set parameter LicenseID to value 2786638
Academic license - for non-commercial use only - expires 2027-03-03
Set parameter Username
Set parameter LicenseID to value 2786638
Academic license - for non-commercial use only - expires 2027-03-03
Set parameter Username
Set parameter LicenseID to value 2786638
Academic license - for non-commercial use only - expires 2027-03-03
[ Info: Benders iteration 4: x_s=[0.1467, 13.44, 1.009e-9, 4.901e-10, 11.83, 8.547e-10, 14.25, 6.725e-10] | total_cost=2551.06 | budget=2267.82 | g=[-10.1, 6.076, -15.3, -13.61, 5.09, -10.1, 1.455, -20.78] | mu_s=0.0
┌ Warning: Terminated early due to NaN in gradient.
└ @ Optim C:\Users\pacurarav\.julia\packages\Optim\DtV5C\src\multivariate\optimize\optimize.jl:136
Set parameter Username
Set parameter LicenseID to value 2786638
Academic license - for non-commercial use only - expires 2027-03-03
Set parameter Username
Set parameter LicenseID to value 2786638
Academic license - for non-commercial use only - expires 2027-03-03
Set parameter Username
Set parameter LicenseID to value 2786638
Academic license - for non-commercial use only - expires 2027-03-03
Set parameter Username
Set parameter LicenseID to value 2786638
Academic license - for non-commercial use only - expires 2027-03-03
[ Info: Benders iteration 5: x_s=[0.11, 10.08, 1.174, 3.717e-10, 8.872, 6.529e-10, 10.69, 5.043e-10] | total_cost=2544.61 | budget=2267.82 | g=[-21.96, -10.21, -27.46, -26.0, -2.279, -24.83, -12.14, -35.54] | mu_s=0.0
┌ Warning: Terminated early due to NaN in gradient.
└ @ Optim C:\Users\pacurarav\.julia\packages\Optim\DtV5C\src\multivariate\optimize\optimize.jl:136
Set parameter Username
Set parameter LicenseID to value 2786638
Academic license - for non-commercial use only - expires 2027-03-03
Set parameter Username
Set parameter LicenseID to value 2786638
Academic license - for non-commercial use only - expires 2027-03-03
[ Info: Benders iteration 6: x_s=[1.223e-11, 5.563e-309, 7.365, 1.373e-11, 3.36e-14, 5.64e-11, 27.96, 6.263e-10] | total_cost=2506.02 | budget=2267.82 | g=[-7.568, -0.8516, -8.093, -12.9, -0.3206, -11.2, 13.94, -16.23] | mu_s=0.0
┌ Warning: Terminated early due to NaN in gradient.
└ @ Optim C:\Users\pacurarav\.julia\packages\Optim\DtV5C\src\multivariate\optimize\optimize.jl:136
┌ Warning: Initial position cannot be on the boundary of the box. Moving elements to the interior.
│ Element indices affected: [5]
└ @ Optim C:\Users\pacurarav\.julia\packages\Optim\DtV5C\src\multivariate\solvers\constrained\fminbox.jl:474
┌ Warning: Terminated early due to NaN in gradient.
└ @ Optim C:\Users\pacurarav\.julia\packages\Optim\DtV5C\src\multivariate\optimize\optimize.jl:136
┌ Warning: Initial position cannot be on the boundary of the box. Moving elements to the interior.
│ Element indices affected: [1]
└ @ Optim C:\Users\pacurarav\.julia\packages\Optim\DtV5C\src\multivariate\solvers\constrained\fminbox.jl:474
┌ Warning: Failed to achieve finite new evaluation point, using alpha=0
└ @ LineSearches C:\Users\pacurarav\.julia\packages\LineSearches\lihz0\src\hagerzhang.jl:156
┌ Warning: Terminated early due to NaN in gradient.
└ @ Optim C:\Users\pacurarav\.julia\packages\Optim\DtV5C\src\multivariate\optimize\optimize.jl:136
Set parameter Username
Set parameter LicenseID to value 2786638
Academic license - for non-commercial use only - expires 2027-03-03
Set parameter Username
Set parameter LicenseID to value 2786638
Academic license - for non-commercial use only - expires 2027-03-03
[ Info: Benders iteration 7: x_s=[0.5868, 6.78, 11.89, 3.111e-61, 0.7635, 0.0, 13.92, 1.606e-64] | total_cost=2338.13 | budget=2267.82 | g=[-16.07, -8.948, -16.38, -22.63, -7.219, -21.65, -7.21, -27.79] | mu_s=0.0
┌ Warning: Terminated early due to NaN in gradient.
└ @ Optim C:\Users\pacurarav\.julia\packages\Optim\DtV5C\src\multivariate\optimize\optimize.jl:136
Set parameter Username
Set parameter LicenseID to value 2786638
Academic license - for non-commercial use only - expires 2027-03-03
Set parameter Username
Set parameter LicenseID to value 2786638
Academic license - for non-commercial use only - expires 2027-03-03
[ Info: Benders iteration 8: x_s=[2.004e-12, 9.836, 2.132, 2.742e-12, 5.563e-309, 2.25e-11, 16.31, 5.377] | total_cost=2371.36 | budget=2267.82 | g=[-16.2, 0.1145, -20.04, -18.29, -3.905, -15.88, -1.812, -26.13] | mu_s=0.0
┌ Warning: Terminated early due to NaN in gradient.
└ @ Optim C:\Users\pacurarav\.julia\packages\Optim\DtV5C\src\multivariate\optimize\optimize.jl:136
Set parameter Username
Set parameter LicenseID to value 2786638
Academic license - for non-commercial use only - expires 2027-03-03
Set parameter Username
Set parameter LicenseID to value 2786638
Academic license - for non-commercial use only - expires 2027-03-03
[ Info: Benders iteration 9: x_s=[3.677e-304, 4.865, 10.01, 1.0979999999999999e-51, 7.127, 5.563e-309, 15.3, 0.8451] | total_cost=2351.48 | budget=2267.82 | g=[-12.2, -1.804, -11.21, -16.48, 2.464, -15.24, -1.739, -20.46] | mu_s=0.0
┌ Warning: Terminated early due to NaN in gradient.
└ @ Optim C:\Users\pacurarav\.julia\packages\Optim\DtV5C\src\multivariate\optimize\optimize.jl:136
Set parameter Username
Set parameter LicenseID to value 2786638
Academic license - for non-commercial use only - expires 2027-03-03
Set parameter Username
Set parameter LicenseID to value 2786638
Academic license - for non-commercial use only - expires 2027-03-03
[ Info: Benders iteration 10: x_s=[2.376e-27, 6.929, 3.405, 1.017e-22, 2.664, 5.563e-309, 16.82, 5.322] | total_cost=2341.52 | budget=2267.82 | g=[-14.63, -2.355, -15.32, -16.43, -0.6856, -15.42, 0.763, -21.09] | mu_s=0.0
┌ Warning: Terminated early due to NaN in gradient.
└ @ Optim C:\Users\pacurarav\.julia\packages\Optim\DtV5C\src\multivariate\optimize\optimize.jl:136
┌ Warning: Initial position cannot be on the boundary of the box. Moving elements to the interior.
│ Element indices affected: [1]
└ @ Optim C:\Users\pacurarav\.julia\packages\Optim\DtV5C\src\multivariate\solvers\constrained\fminbox.jl:474
┌ Warning: Terminated early due to NaN in gradient.
└ @ Optim C:\Users\pacurarav\.julia\packages\Optim\DtV5C\src\multivariate\optimize\optimize.jl:136
┌ Warning: Initial position cannot be on the boundary of the box. Moving elements to the interior.
│ Element indices affected: [4]
└ @ Optim C:\Users\pacurarav\.julia\packages\Optim\DtV5C\src\multivariate\solvers\constrained\fminbox.jl:474
┌ Warning: Terminated early due to NaN in gradient.
└ @ Optim C:\Users\pacurarav\.julia\packages\Optim\DtV5C\src\multivariate\optimize\optimize.jl:136
Set parameter Username
Set parameter LicenseID to value 2786638
Academic license - for non-commercial use only - expires 2027-03-03
Set parameter Username
Set parameter LicenseID to value 2786638
Academic license - for non-commercial use only - expires 2027-03-03
Set parameter Username
Set parameter LicenseID to value 2786638
Academic license - for non-commercial use only - expires 2027-03-03
Set parameter Username
Set parameter LicenseID to value 2786638
Academic license - for non-commercial use only - expires 2027-03-03
Set parameter Username
Set parameter LicenseID to value 2786638
Academic license - for non-commercial use only - expires 2027-03-03
Set parameter Username
Set parameter LicenseID to value 2786638
Academic license - for non-commercial use only - expires 2027-03-03
Set parameter Username
Set parameter LicenseID to value 2786638
Academic license - for non-commercial use only - expires 2027-03-03
Set parameter Username
Set parameter LicenseID to value 2786638
Academic license - for non-commercial use only - expires 2027-03-03
Set parameter Username
Set parameter LicenseID to value 2786638
Academic license - for non-commercial use only - expires 2027-03-03
Set parameter Username
Set parameter LicenseID to value 2786638
Academic license - for non-commercial use only - expires 2027-03-03
Set parameter Username
Set parameter LicenseID to value 2786638
Academic license - for non-commercial use only - expires 2027-03-03
Set parameter Username
Set parameter LicenseID to value 2786638
Academic license - for non-commercial use only - expires 2027-03-03
Set parameter Username
Set parameter LicenseID to value 2786638
Academic license - for non-commercial use only - expires 2027-03-03
Set parameter Username
Set parameter LicenseID to value 2786638
Academic license - for non-commercial use only - expires 2027-03-03
Set parameter Username
Set parameter LicenseID to value 2786638
Academic license - for non-commercial use only - expires 2027-03-03
Set parameter Username
Set parameter LicenseID to value 2786638
Academic license - for non-commercial use only - expires 2027-03-03
Set parameter Username
Set parameter LicenseID to value 2786638
Academic license - for non-commercial use only - expires 2027-03-03
Set parameter Username
Set parameter LicenseID to value 2786638
Academic license - for non-commercial use only - expires 2027-03-03
Set parameter Username
Set parameter LicenseID to value 2786638
Academic license - for non-commercial use only - expires 2027-03-03
Set parameter Username
Set parameter LicenseID to value 2786638
Academic license - for non-commercial use only - expires 2027-03-03
Set parameter Username
Set parameter LicenseID to value 2786638
Academic license - for non-commercial use only - expires 2027-03-03
Set parameter Username
Set parameter LicenseID to value 2786638
Academic license - for non-commercial use only - expires 2027-03-03
Set parameter Username
Set parameter LicenseID to value 2786638
Academic license - for non-commercial use only - expires 2027-03-03
Set parameter Username
Set parameter LicenseID to value 2786638
Academic license - for non-commercial use only - expires 2027-03-03
Set parameter Username
Set parameter LicenseID to value 2786638
Academic license - for non-commercial use only - expires 2027-03-03
Set parameter Username
Set parameter LicenseID to value 2786638
Academic license - for non-commercial use only - expires 2027-03-03
Set parameter Username
Set parameter LicenseID to value 2786638
Academic license - for non-commercial use only - expires 2027-03-03
Set parameter Username
Set parameter LicenseID to value 2786638
Academic license - for non-commercial use only - expires 2027-03-03
Set parameter Username
Set parameter LicenseID to value 2786638
Academic license - for non-commercial use only - expires 2027-03-03
Set parameter Username
Set parameter LicenseID to value 2786638
Academic license - for non-commercial use only - expires 2027-03-03
[ Info: Structural master (8 investment vars, 10 cuts): obj=6.65436 | LP utopian (structural)=4.67857 | gap=42.23%
[ Info: Before recovery: obj=6.65436 | gap to LP utopian=42.23%
Projection successful! Max distance from L-BFGS guess: 0.0001014601608870791
Projection successful! Max percentage deviation: 7.155373225788689e-5
[ Info: After  recovery: obj=6.6545 | gap=42.23%
[ Info: Comparison plot saved to C:\Users\pacurarav\Desktop\New folder\NearOptimalAlternatives.jl\alm_trajectory.png

Alternative investments: [0.7502821947931558, 11.424260233185125, 14.831056504130009, 1.6260518638575383, 5.052519483902067e-13, 0.9902408345758131, 13.724608759622317, 1.757564543051187]
Alternative objective (full model): 2267.824480477729

=== VALIDATION ===
LP utopian wᵀx (full model):     4.678574154313509
Recovered  wᵀx (full model):     6.654497878657701
Gap to LP utopian:                42.2335%
ERROR: LoadError: ArgumentError: reducing over an empty collection is not allowed; consider supplying `init` to the reducer
Stacktrace:
  [1] _empty_reduce_error()
    @ Base .\reduce.jl:311
  [2] mapreduce_empty(f::Function, op::Base.BottomRF{typeof(Base.add_sum)}, T::Type)
    @ Base .\reduce.jl:313
  [3] reduce_empty(op::Base.MappingRF{var"#36#37", Base.BottomRF{typeof(Base.add_sum)}}, ::Type{VariableRef})
    @ Base .\reduce.jl:350
  [4] reduce_empty(op::Base.FilteringRF{var"#38#39", Base.MappingRF{var"#36#37", Base.BottomRF{typeof(Base.add_sum)}}}, ::Type{VariableRef})
    @ Base .\reduce.jl:351
  [5] reduce_empty_iter
    @ .\reduce.jl:373 [inlined]
  [6] reduce_empty_iter
    @ .\reduce.jl:372 [inlined]
  [7] foldl_impl
    @ .\reduce.jl:41 [inlined]
  [8] mapfoldl_impl
    @ .\reduce.jl:36 [inlined]
  [9] mapfoldl
    @ .\reduce.jl:167 [inlined]
 [10] mapreduce
    @ .\reduce.jl:299 [inlined]
 [11] sum
    @ .\reduce.jl:524 [inlined]
 [12] sum(a::Base.Generator{Base.Iterators.Filter{var"#38#39", Vector{VariableRef}}, var"#36#37"})
    @ Base .\reduce.jl:553
 [13] top-level scope
    @ C:\Users\pacurarav\Desktop\New folder\NearOptimalAlternatives.jl\synthetic_test.jl:113
 [14] include(mod::Module, _path::String)
    @ Base .\Base.jl:306
 [15] exec_options(opts::Base.JLOptions)
    @ Base .\client.jl:317
 [16] _start()
    @ Base .\client.jl:550
in expression starting at C:\Users\pacurarav\Desktop\New folder\NearOptimalAlternatives.jl\synthetic_test.jl:113
