Precompiling packages...
  11042.7 ms  ✓ NearOptimalAlternatives
  1 dependency successfully precompiled in 15 seconds. 300 already precompiled.
Base objective: 2061.6586186161157
Base investments: [9.47691506278428, 0.0, 5.4603521407815325, 10.41568428057458, 0.0, 7.592495912795435, 0.0, 11.732125837897547]
[ Info: Setting up NearOptimalAlternatives problem with 8 target variables.
Your model's variable symbols are: [:dispatch, :assets_investment, :balance, :capacity]
[ Info: Loaded cached LP utopian solution from C:\Users\pacurarav\Desktop\New folder\NearOptimalAlternatives.jl\data\lp_utopian_cache.bin
Set parameter Username
Set parameter LicenseID to value 2786638
Academic license - for non-commercial use only - expires 2027-03-03
[ Info: Benders iteration 1: x_s=[9.477, 0.0, 5.46, 10.42, 0.0, 7.592, 0.0, 11.73] | total_cost=2061.66 | budget=2267.82 | g=[0.4274, 0.9631, 1.201, -0.9094, 4.159, 0.6768, 0.9198, 2.113]
Set parameter Username
Set parameter LicenseID to value 2786638
Academic license - for non-commercial use only - expires 2027-03-03
Set parameter Username
Set parameter LicenseID to value 2786638
Academic license - for non-commercial use only - expires 2027-03-03
Set parameter Username
Set parameter LicenseID to value 2786638
Academic license - for non-commercial use only - expires 2027-03-03
Set parameter Username
Set parameter LicenseID to value 2786638
Academic license - for non-commercial use only - expires 2027-03-03
[ Info: Benders iteration 2: x_s=[7.108, 3.122e-7, 4.095, 7.812, 3.122e-7, 5.694, 3.122e-7, 8.799] | total_cost=2095.73 | budget=2267.82 | g=[-7.918, -3.753, -7.926, -11.0, -0.03197, -10.12, -8.283, -13.44]
Set parameter Username
Set parameter LicenseID to value 2786638
Academic license - for non-commercial use only - expires 2027-03-03
Set parameter Username
Set parameter LicenseID to value 2786638
Academic license - for non-commercial use only - expires 2027-03-03
[ Info: Benders iteration 3: x_s=[9.421e-16, 15.72, 1.803e-15, 8.588e-16, 0.1339, 1.537e-15, 34.69, 1.215e-15] | total_cost=2708.39 | budget=2267.82 | g=[-3.96, 1.741, -8.093, -9.951, 2.633, -8.967, 17.56, -15.26]
┌ Warning: Terminated early due to NaN in gradient.
└ @ Optim C:\Users\pacurarav\.julia\packages\Optim\DtV5C\src\multivariate\optimize\optimize.jl:136
┌ Warning: Initial position cannot be on the boundary of the box. Moving elements to the interior.
│ Element indices affected: [4]
└ @ Optim C:\Users\pacurarav\.julia\packages\Optim\DtV5C\src\multivariate\solvers\constrained\fminbox.jl:474
ERROR: LoadError: AssertionError: state.x == x
Stacktrace:
  [1] optimize(df::NLSolversBase.OnceDifferentiable{Float64, Vector{Float64}, Float64, Vector{Float64}}, l::Vector{Float64}, u::Vector{Float64}, x0::Vector{Float64}, F::Optim.Fminbox{Optim.LBFGS{Nothing, LineSearches.InitialStatic{Float64}, LineSearches.HagerZhang{Float64, Base.RefValue{Bool}}, Returns{Nothing}}, Float64, Optim.var"#Fminbox##0#Fminbox##1"}, options::Optim.Options{Float64, Nothing})
    @ Optim C:\Users\pacurarav\.julia\packages\Optim\DtV5C\src\multivariate\solvers\constrained\fminbox.jl:486
  [2] #optimize#39
    @ C:\Users\pacurarav\.julia\packages\Optim\DtV5C\src\multivariate\solvers\constrained\fminbox.jl:294 [inlined]
  [3] optimize
    @ C:\Users\pacurarav\.julia\packages\Optim\DtV5C\src\multivariate\solvers\constrained\fminbox.jl:280 [inlined]
  [4] optimize(f::NLSolversBase.InplaceObjective{NearOptimalAlternatives.GradientMGA.var"#fg!#solve_alm_lbfgs##4"{Vector{Float64}, Matrix{Float64}, Float64, Vector{Float64}, NearOptimalAlternatives.GradientMGA.var"#g#solve_alm_lbfgs##3"{Matrix{Float64}, Vector{Float64}}, Vector{Float64}, Float64}, Nothing, Nothing, Nothing, Nothing}, l::Vector{Float64}, u::Vector{Float64}, x0::Vector{Float64}, F::Optim.Fminbox{Optim.LBFGS{Nothing, LineSearches.InitialStatic{Float64}, LineSearches.HagerZhang{Float64, Base.RefValue{Bool}}, Returns{Nothing}}, Float64, Optim.var"#Fminbox##0#Fminbox##1"})
    @ Optim C:\Users\pacurarav\.julia\packages\Optim\DtV5C\src\multivariate\solvers\constrained\fminbox.jl:280
  [5] solve_alm_lbfgs(w::Vector{Float64}, A_ineq::Matrix{Float64}, b_ineq::Vector{Float64}, lb::Vector{Float64}, ub::Vector{Float64}, x0::Vector{Float64}, mu::Float64, x_prox::Vector{Float64})
    @ NearOptimalAlternatives.GradientMGA C:\Users\pacurarav\Desktop\New folder\NearOptimalAlternatives.jl\src\algorithms\LBFGS-Local-Search.jl:296
  [6] run_lbfgs_mga(model::Model, x_start::Vector{Float64}, w::Vector{Float64}, actual_max_cost::Float64, repair::Bool, A_in::SparseArrays.SparseMatrixCSC{Float64, Int64}, b_in::Vector{Float64}, A_eq::SparseArrays.SparseMatrixCSC{Float64, Int64}, b_eq::Vector{Float64}, vars::Vector{VariableRef}, target_indices::Vector{Int64})
    @ NearOptimalAlternatives.GradientMGA C:\Users\pacurarav\Desktop\New folder\NearOptimalAlternatives.jl\src\algorithms\LBFGS-Local-Search.jl:461
  [7] lbfgs_search_alternatives(model::Model, target_vars::Vector{VariableRef}, n_alternatives::Int64, eps::Float64, max_allowed_cost::Float64, repair_solution::Bool, optimizer_search::Nothing; x_optimal_override::Nothing, min_cost_override::Nothing)
    @ NearOptimalAlternatives C:\Users\pacurarav\Desktop\New folder\NearOptimalAlternatives.jl\src\alternative-metaheuristics.jl:414
  [8] lbfgs_search_alternatives (repeats 2 times)
    @ C:\Users\pacurarav\Desktop\New folder\NearOptimalAlternatives.jl\src\alternative-metaheuristics.jl:346 [inlined]
  [9] generate_alternatives_lbfgs(model::Model, n_alternatives::Int64; target_symbols::Vector{Symbol}, target_vars::Vector{VariableRef}, operational_recovery::Bool, x_optimal::Nothing, min_cost::Nothing)
    @ NearOptimalAlternatives C:\Users\pacurarav\Desktop\New folder\NearOptimalAlternatives.jl\src\generate-alternatives.jl:237
 [10] top-level scope
    @ C:\Users\pacurarav\Desktop\New folder\NearOptimalAlternatives.jl\synthetic_test.jl:57
 [11] include(mod::Module, _path::String)
    @ Base .\Base.jl:306
 [12] exec_options(opts::Base.JLOptions)
    @ Base .\client.jl:317
 [13] _start()
    @ Base .\client.jl:550
in expression starting at C:\Users\pacurarav\Desktop\New folder\NearOptimalAlternatives.jl\synthetic_test.jl:57
