Precompiling packages...
  10908.1 ms  ✓ NearOptimalAlternatives
  1 dependency successfully precompiled in 15 seconds. 300 already precompiled.
Base objective: 2061.6586186161157
Base investments: [9.47691506278428, 0.0, 5.4603521407815325, 10.41568428057458, 0.0, 7.592495912795435, 0.0, 11.732125837897547]
[ Info: Setting up NearOptimalAlternatives problem with 8 target variables.
Your model's variable symbols are: [:dispatch, :assets_investment, :balance, :capacity]
[ Info: Loaded cached LP utopian solution from C:\Users\pacurarav\Desktop\New folder\NearOptimalAlternatives.jl\data\lp_utopian_cache.bin
Set parameter Username
Set parameter LicenseID to value 2786638
Academic license - for non-commercial use only - expires 2027-03-03
[ Info: Benders iteration 1: x_s=[9.477, 0.0, 5.46, 10.42, 0.0, 7.592, 0.0, 11.73] | total_cost=2061.66 | budget=2267.82 | g=[0.4274, 0.9631, 1.201, -0.9094, 4.159, 0.6768, 0.9198, 2.113]
Set parameter Username
Set parameter LicenseID to value 2786638
Academic license - for non-commercial use only - expires 2027-03-03
Set parameter Username
Set parameter LicenseID to value 2786638
Academic license - for non-commercial use only - expires 2027-03-03
Set parameter Username
Set parameter LicenseID to value 2786638
Academic license - for non-commercial use only - expires 2027-03-03
Set parameter Username
Set parameter LicenseID to value 2786638
Academic license - for non-commercial use only - expires 2027-03-03
[ Info: Benders iteration 2: x_s=[7.108, 3.122e-7, 4.095, 7.812, 3.122e-7, 5.694, 3.122e-7, 8.799] | total_cost=2095.73 | budget=2267.82 | g=[-7.918, -3.753, -7.926, -11.0, -0.03197, -10.12, -8.283, -13.44]
Set parameter Username
Set parameter LicenseID to value 2786638
Academic license - for non-commercial use only - expires 2027-03-03
Set parameter Username
Set parameter LicenseID to value 2786638
Academic license - for non-commercial use only - expires 2027-03-03
[ Info: Benders iteration 3: x_s=[9.421e-16, 15.72, 1.803e-15, 8.588e-16, 0.1339, 1.537e-15, 34.69, 1.215e-15] | total_cost=2708.39 | budget=2267.82 | g=[-3.96, 1.741, -8.093, -9.951, 2.633, -8.967, 17.56, -15.26]
┌ Warning: Terminated early due to NaN in gradient.
└ @ Optim C:\Users\pacurarav\.julia\packages\Optim\DtV5C\src\multivariate\optimize\optimize.jl:136
┌ Warning: Initial position cannot be on the boundary of the box. Moving elements to the interior.
│ Element indices affected: [4]
└ @ Optim C:\Users\pacurarav\.julia\packages\Optim\DtV5C\src\multivariate\solvers\constrained\fminbox.jl:474
Set parameter Username
Set parameter LicenseID to value 2786638
Academic license - for non-commercial use only - expires 2027-03-03
Set parameter Username
Set parameter LicenseID to value 2786638
Academic license - for non-commercial use only - expires 2027-03-03
[ Info: Benders iteration 4: x_s=[3.1500000000000003e-251, 28.03, 1.4260000000000002e-276, 0.0, 9.437e-97, 9.104e-308, 8.515, 3.017e-305] | total_cost=2662.87 | budget=2267.82 | g=[-6.429, 17.38, -15.38, -10.78, 1.338, -9.67, -2.648, -20.36]
┌ Warning: Terminated early due to NaN in gradient.
└ @ Optim C:\Users\pacurarav\.julia\packages\Optim\DtV5C\src\multivariate\optimize\optimize.jl:136
┌ Warning: Initial position cannot be on the boundary of the box. Moving elements to the interior.
│ Element indices affected: [1]
└ @ Optim C:\Users\pacurarav\.julia\packages\Optim\DtV5C\src\multivariate\solvers\constrained\fminbox.jl:474
┌ Warning: Terminated early due to NaN in gradient.
└ @ Optim C:\Users\pacurarav\.julia\packages\Optim\DtV5C\src\multivariate\optimize\optimize.jl:136
Set parameter Username
Set parameter LicenseID to value 2786638
Academic license - for non-commercial use only - expires 2027-03-03
Set parameter Username
Set parameter LicenseID to value 2786638
Academic license - for non-commercial use only - expires 2027-03-03
Set parameter Username
Set parameter LicenseID to value 2786638
Academic license - for non-commercial use only - expires 2027-03-03
[ Info: Benders iteration 5: x_s=[0.2934, 18.62, 7.132000000000001e-277, 4.682e-5, 2.606e-27, 0.09676, 10.56, 1.359] | total_cost=2546.27 | budget=2267.82 | g=[-15.63, 1.741, -22.51, -19.13, -4.741, -17.08, -2.648, -28.6]
┌ Warning: Terminated early due to NaN in gradient.
└ @ Optim C:\Users\pacurarav\.julia\packages\Optim\DtV5C\src\multivariate\optimize\optimize.jl:136
Set parameter Username
Set parameter LicenseID to value 2786638
Academic license - for non-commercial use only - expires 2027-03-03
Set parameter Username
Set parameter LicenseID to value 2786638
Academic license - for non-commercial use only - expires 2027-03-03
[ Info: Benders iteration 6: x_s=[5.563e-309, 9.207, 3.249, 5.245e-15, 32.54, 4.941e-14, 9.406, 2.9] | total_cost=2732.23 | budget=2267.82 | g=[-10.88, -2.011, -12.22, -12.75, 19.7, -13.9, -5.105, -18.95]
┌ Warning: Terminated early due to NaN in gradient.
└ @ Optim C:\Users\pacurarav\.julia\packages\Optim\DtV5C\src\multivariate\optimize\optimize.jl:136
Set parameter Username
Set parameter LicenseID to value 2786638
Academic license - for non-commercial use only - expires 2027-03-03
Set parameter Username
Set parameter LicenseID to value 2786638
Academic license - for non-commercial use only - expires 2027-03-03
[ Info: Benders iteration 7: x_s=[2.621e-15, 9.578, 5.146, 2.231e-13, 11.7, 5.563e-309, 14.25, 2.093] | total_cost=2420.36 | budget=2267.82 | g=[-10.5, 4.412, -12.21, -12.63, 7.412, -11.01, 1.896, -17.77]
┌ Warning: Failed to achieve finite new evaluation point, using alpha=0
└ @ LineSearches C:\Users\pacurarav\.julia\packages\LineSearches\lihz0\src\hagerzhang.jl:156
┌ Warning: Failed to achieve finite new evaluation point, using alpha=0
└ @ LineSearches C:\Users\pacurarav\.julia\packages\LineSearches\lihz0\src\hagerzhang.jl:156
┌ Warning: Failed to achieve finite new evaluation point, using alpha=0
└ @ LineSearches C:\Users\pacurarav\.julia\packages\LineSearches\lihz0\src\hagerzhang.jl:156
┌ Warning: Failed to achieve finite new evaluation point, using alpha=0
└ @ LineSearches C:\Users\pacurarav\.julia\packages\LineSearches\lihz0\src\hagerzhang.jl:156
┌ Warning: Failed to achieve finite new evaluation point, using alpha=0
└ @ LineSearches C:\Users\pacurarav\.julia\packages\LineSearches\lihz0\src\hagerzhang.jl:156
┌ Warning: Failed to achieve finite new evaluation point, using alpha=0
└ @ LineSearches C:\Users\pacurarav\.julia\packages\LineSearches\lihz0\src\hagerzhang.jl:156
┌ Warning: Failed to achieve finite new evaluation point, using alpha=0
└ @ LineSearches C:\Users\pacurarav\.julia\packages\LineSearches\lihz0\src\hagerzhang.jl:156
┌ Warning: Failed to achieve finite new evaluation point, using alpha=0
└ @ LineSearches C:\Users\pacurarav\.julia\packages\LineSearches\lihz0\src\hagerzhang.jl:156
┌ Warning: Failed to achieve finite new evaluation point, using alpha=0
└ @ LineSearches C:\Users\pacurarav\.julia\packages\LineSearches\lihz0\src\hagerzhang.jl:156
┌ Warning: Failed to achieve finite new evaluation point, using alpha=0
└ @ LineSearches C:\Users\pacurarav\.julia\packages\LineSearches\lihz0\src\hagerzhang.jl:156
┌ Warning: Failed to achieve finite new evaluation point, using alpha=0
└ @ LineSearches C:\Users\pacurarav\.julia\packages\LineSearches\lihz0\src\hagerzhang.jl:156
┌ Warning: Failed to achieve finite new evaluation point, using alpha=0
└ @ LineSearches C:\Users\pacurarav\.julia\packages\LineSearches\lihz0\src\hagerzhang.jl:156
┌ Warning: Failed to achieve finite new evaluation point, using alpha=0
└ @ LineSearches C:\Users\pacurarav\.julia\packages\LineSearches\lihz0\src\hagerzhang.jl:156
┌ Warning: Failed to achieve finite new evaluation point, using alpha=0
└ @ LineSearches C:\Users\pacurarav\.julia\packages\LineSearches\lihz0\src\hagerzhang.jl:156
┌ Warning: Failed to achieve finite new evaluation point, using alpha=0
└ @ LineSearches C:\Users\pacurarav\.julia\packages\LineSearches\lihz0\src\hagerzhang.jl:156
┌ Warning: Failed to achieve finite new evaluation point, using alpha=0
└ @ LineSearches C:\Users\pacurarav\.julia\packages\LineSearches\lihz0\src\hagerzhang.jl:156
┌ Warning: Failed to achieve finite new evaluation point, using alpha=0
└ @ LineSearches C:\Users\pacurarav\.julia\packages\LineSearches\lihz0\src\hagerzhang.jl:156
┌ Warning: Failed to achieve finite new evaluation point, using alpha=0
└ @ LineSearches C:\Users\pacurarav\.julia\packages\LineSearches\lihz0\src\hagerzhang.jl:156
┌ Warning: Failed to achieve finite new evaluation point, using alpha=0
└ @ LineSearches C:\Users\pacurarav\.julia\packages\LineSearches\lihz0\src\hagerzhang.jl:156
┌ Warning: Failed to achieve finite new evaluation point, using alpha=0
└ @ LineSearches C:\Users\pacurarav\.julia\packages\LineSearches\lihz0\src\hagerzhang.jl:156
┌ Warning: Failed to achieve finite new evaluation point, using alpha=0
└ @ LineSearches C:\Users\pacurarav\.julia\packages\LineSearches\lihz0\src\hagerzhang.jl:156
┌ Warning: Failed to achieve finite new evaluation point, using alpha=0
└ @ LineSearches C:\Users\pacurarav\.julia\packages\LineSearches\lihz0\src\hagerzhang.jl:156
┌ Warning: Failed to achieve finite new evaluation point, using alpha=0
└ @ LineSearches C:\Users\pacurarav\.julia\packages\LineSearches\lihz0\src\hagerzhang.jl:156
┌ Warning: Failed to achieve finite new evaluation point, using alpha=0
└ @ LineSearches C:\Users\pacurarav\.julia\packages\LineSearches\lihz0\src\hagerzhang.jl:156
┌ Warning: Failed to achieve finite new evaluation point, using alpha=0
└ @ LineSearches C:\Users\pacurarav\.julia\packages\LineSearches\lihz0\src\hagerzhang.jl:156
┌ Warning: Failed to achieve finite new evaluation point, using alpha=0
└ @ LineSearches C:\Users\pacurarav\.julia\packages\LineSearches\lihz0\src\hagerzhang.jl:156
┌ Warning: Failed to achieve finite new evaluation point, using alpha=0
└ @ LineSearches C:\Users\pacurarav\.julia\packages\LineSearches\lihz0\src\hagerzhang.jl:156
┌ Warning: Failed to achieve finite new evaluation point, using alpha=0
└ @ LineSearches C:\Users\pacurarav\.julia\packages\LineSearches\lihz0\src\hagerzhang.jl:156
┌ Warning: Failed to achieve finite new evaluation point, using alpha=0
└ @ LineSearches C:\Users\pacurarav\.julia\packages\LineSearches\lihz0\src\hagerzhang.jl:156
┌ Warning: Failed to achieve finite new evaluation point, using alpha=0
└ @ LineSearches C:\Users\pacurarav\.julia\packages\LineSearches\lihz0\src\hagerzhang.jl:156
┌ Warning: Failed to achieve finite new evaluation point, using alpha=0
└ @ LineSearches C:\Users\pacurarav\.julia\packages\LineSearches\lihz0\src\hagerzhang.jl:156
┌ Warning: Failed to achieve finite new evaluation point, using alpha=0
└ @ LineSearches C:\Users\pacurarav\.julia\packages\LineSearches\lihz0\src\hagerzhang.jl:156
┌ Warning: Failed to achieve finite new evaluation point, using alpha=0
└ @ LineSearches C:\Users\pacurarav\.julia\packages\LineSearches\lihz0\src\hagerzhang.jl:156
┌ Warning: Failed to achieve finite new evaluation point, using alpha=0
└ @ LineSearches C:\Users\pacurarav\.julia\packages\LineSearches\lihz0\src\hagerzhang.jl:156
┌ Warning: Failed to achieve finite new evaluation point, using alpha=0
└ @ LineSearches C:\Users\pacurarav\.julia\packages\LineSearches\lihz0\src\hagerzhang.jl:156
┌ Warning: Failed to achieve finite new evaluation point, using alpha=0
└ @ LineSearches C:\Users\pacurarav\.julia\packages\LineSearches\lihz0\src\hagerzhang.jl:156
┌ Warning: Failed to achieve finite new evaluation point, using alpha=0
└ @ LineSearches C:\Users\pacurarav\.julia\packages\LineSearches\lihz0\src\hagerzhang.jl:156
┌ Warning: Failed to achieve finite new evaluation point, using alpha=0
└ @ LineSearches C:\Users\pacurarav\.julia\packages\LineSearches\lihz0\src\hagerzhang.jl:156
┌ Warning: Failed to achieve finite new evaluation point, using alpha=0
└ @ LineSearches C:\Users\pacurarav\.julia\packages\LineSearches\lihz0\src\hagerzhang.jl:156
┌ Warning: Failed to achieve finite new evaluation point, using alpha=0
└ @ LineSearches C:\Users\pacurarav\.julia\packages\LineSearches\lihz0\src\hagerzhang.jl:156
┌ Warning: Failed to achieve finite new evaluation point, using alpha=0
└ @ LineSearches C:\Users\pacurarav\.julia\packages\LineSearches\lihz0\src\hagerzhang.jl:156
┌ Warning: Failed to achieve finite new evaluation point, using alpha=0
└ @ LineSearches C:\Users\pacurarav\.julia\packages\LineSearches\lihz0\src\hagerzhang.jl:156
┌ Warning: Failed to achieve finite new evaluation point, using alpha=0
└ @ LineSearches C:\Users\pacurarav\.julia\packages\LineSearches\lihz0\src\hagerzhang.jl:156
┌ Warning: Failed to achieve finite new evaluation point, using alpha=0
└ @ LineSearches C:\Users\pacurarav\.julia\packages\LineSearches\lihz0\src\hagerzhang.jl:156
┌ Warning: Failed to achieve finite new evaluation point, using alpha=0
└ @ LineSearches C:\Users\pacurarav\.julia\packages\LineSearches\lihz0\src\hagerzhang.jl:156
┌ Warning: Failed to achieve finite new evaluation point, using alpha=0
└ @ LineSearches C:\Users\pacurarav\.julia\packages\LineSearches\lihz0\src\hagerzhang.jl:156
┌ Warning: Failed to achieve finite new evaluation point, using alpha=0
└ @ LineSearches C:\Users\pacurarav\.julia\packages\LineSearches\lihz0\src\hagerzhang.jl:156
Set parameter Username
Set parameter LicenseID to value 2786638
Academic license - for non-commercial use only - expires 2027-03-03
Set parameter Username
Set parameter LicenseID to value 2786638
Academic license - for non-commercial use only - expires 2027-03-03
Set parameter Username
Set parameter LicenseID to value 2786638
Academic license - for non-commercial use only - expires 2027-03-03
[ Info: Benders iteration 8: x_s=[1.311e-15, 4.789, 8.625, 1.115e-13, 5.848, 1.248e-17, 15.52, 1.046] | total_cost=2363.02 | budget=2267.82 | g=[-17.53, -5.388, -16.22, -20.33, -1.446, -18.79, -3.486, -25.79]
┌ Warning: Terminated early due to NaN in gradient.
└ @ Optim C:\Users\pacurarav\.julia\packages\Optim\DtV5C\src\multivariate\optimize\optimize.jl:136
Set parameter Username
Set parameter LicenseID to value 2786638
Academic license - for non-commercial use only - expires 2027-03-03
Set parameter Username
Set parameter LicenseID to value 2786638
Academic license - for non-commercial use only - expires 2027-03-03
[ Info: Benders iteration 9: x_s=[3.897e-13, 10.9, 11.11, 3.787e-13, 5.563e-309, 9.739999999999999e-29, 15.99, 5.149e-25] | total_cost=2345.65 | budget=2267.82 | g=[-7.798, 2.733, -9.629, -13.97, -0.07518, -11.3, 4.053, -17.83]
┌ Warning: Terminated early due to NaN in gradient.
└ @ Optim C:\Users\pacurarav\.julia\packages\Optim\DtV5C\src\multivariate\optimize\optimize.jl:136
Set parameter Username
Set parameter LicenseID to value 2786638
Academic license - for non-commercial use only - expires 2027-03-03
Set parameter Username
Set parameter LicenseID to value 2786638
Academic license - for non-commercial use only - expires 2027-03-03
[ Info: Benders iteration 10: x_s=[2.038e-57, 6.224, 7.571, 1.2110000000000001e-261, 2.278, 5.563e-309, 16.76, 6.324] | total_cost=2280.74 | budget=2267.82 | g=[-6.291, 0.6548, -6.283, -11.95, 2.847, -9.246, 6.54, -11.68]
┌ Warning: Terminated early due to NaN in gradient.
└ @ Optim C:\Users\pacurarav\.julia\packages\Optim\DtV5C\src\multivariate\optimize\optimize.jl:136
Set parameter Username
Set parameter LicenseID to value 2786638
Academic license - for non-commercial use only - expires 2027-03-03
Set parameter Username
Set parameter LicenseID to value 2786638
Academic license - for non-commercial use only - expires 2027-03-03
[ Info: Structural master (8 investment vars, 10 cuts): obj=3.3755 | LP utopian (structural)=4.67857 | gap=27.85%
[ Info: Before recovery: obj=3.3755 | gap to LP utopian=27.85%
Projection successful! Max distance from L-BFGS guess: 1.137637496634305
Projection successful! Max percentage deviation: 852266.1164112905
[ Info: After  recovery: obj=5.18987 | gap=10.93%
[ Info: Comparison plot saved to C:\Users\pacurarav\Desktop\New folder\NearOptimalAlternatives.jl\alm_trajectory.png

Alternative investments: [0.662575194435023, 7.892234726104853, 5.815998534019087, 0.8522661164112905, 2.4588745123867604, 0.760649868684111, 12.690045669686954, 5.688260204008733]
Alternative objective (full model): 2267.824480477737

=== VALIDATION ===
LP utopian wᵀx (full model):     4.678574154313509
Recovered  wᵀx (full model):     5.189869278453946
Gap to LP utopian:                10.9284%
ERROR: LoadError: ArgumentError: reducing over an empty collection is not allowed; consider supplying `init` to the reducer
Stacktrace:
  [1] _empty_reduce_error()
    @ Base .\reduce.jl:311
  [2] mapreduce_empty(f::Function, op::Base.BottomRF{typeof(Base.add_sum)}, T::Type)
    @ Base .\reduce.jl:313
  [3] reduce_empty(op::Base.MappingRF{var"#36#37", Base.BottomRF{typeof(Base.add_sum)}}, ::Type{VariableRef})
    @ Base .\reduce.jl:350
  [4] reduce_empty(op::Base.FilteringRF{var"#38#39", Base.MappingRF{var"#36#37", Base.BottomRF{typeof(Base.add_sum)}}}, ::Type{VariableRef})
    @ Base .\reduce.jl:351
  [5] reduce_empty_iter
    @ .\reduce.jl:373 [inlined]
  [6] reduce_empty_iter
    @ .\reduce.jl:372 [inlined]
  [7] foldl_impl
    @ .\reduce.jl:41 [inlined]
  [8] mapfoldl_impl
    @ .\reduce.jl:36 [inlined]
  [9] mapfoldl
    @ .\reduce.jl:167 [inlined]
 [10] mapreduce
    @ .\reduce.jl:299 [inlined]
 [11] sum
    @ .\reduce.jl:524 [inlined]
 [12] sum(a::Base.Generator{Base.Iterators.Filter{var"#38#39", Vector{VariableRef}}, var"#36#37"})
    @ Base .\reduce.jl:553
 [13] top-level scope
    @ C:\Users\pacurarav\Desktop\New folder\NearOptimalAlternatives.jl\synthetic_test.jl:113
 [14] include(mod::Module, _path::String)
    @ Base .\Base.jl:306
 [15] exec_options(opts::Base.JLOptions)
    @ Base .\client.jl:317
 [16] _start()
    @ Base .\client.jl:550
in expression starting at C:\Users\pacurarav\Desktop\New folder\NearOptimalAlternatives.jl\synthetic_test.jl:113
