Compare 5h: THREADS=8 N=5 PDHG_ITERS=40000
Set parameter Username
Set parameter LicenseID to value 2786638
Academic license - for non-commercial use only - expires 2027-03-03
  built+solved 5h in 178.0s | 1274449 vars | 745 target vars

>>> [1/3] warm ALM continuation ...
[ Info: ALM outer 1: w'x=73548.7 | viol=0.7738 | rho=1.0 | inner 500 iters (max_iter) 42.4s
[ Info: ALM outer 2: w'x=73539.1 | viol=0.4305 | rho=1.0 | inner 500 iters (max_iter) 40.6s
[ Info: ALM outer 3: w'x=73537.9 | viol=0.04074 | rho=10.0 | inner 500 iters (max_iter) 38.1s
[ Info: ALM outer 4: w'x=73536.9 | viol=0.0466 | rho=10.0 | inner 500 iters (max_iter) 39.8s
[ Info: ALM outer 5: w'x=73536.7 | viol=0.008544 | rho=100.0 | inner 500 iters (max_iter) 37.1s
[ Info: ALM outer 6: w'x=73536.5 | viol=0.007203 | rho=100.0 | inner 500 iters (max_iter) 37.7s
[ Info: ALM outer 7: w'x=73536.5 | viol=0.0007235 | rho=1000.0 | inner 500 iters (max_iter) 37.6s
[ Info: ALM outer 8: w'x=73536.0 | viol=0.001737 | rho=1000.0 | inner 500 iters (max_iter) 34.2s
[ Info: ALM outer 9: w'x=73536.0 | viol=0.0001774 | rho=10000.0 | inner 500 iters (max_iter) 37.1s
[ Info: ALM outer 10: w'x=73535.9 | viol=0.000122 | rho=10000.0 | inner 500 iters (max_iter) 33.3s
[ Info: ALM outer 11: w'x=73535.9 | viol=1.039e-5 | rho=100000.0 | inner 500 iters (max_iter) 36.8s
[ Info: ALM outer 12: w'x=73535.9 | viol=1.867e-5 | rho=100000.0 | inner 500 iters (max_iter) 33.0s
[ Info: ALM outer 13: w'x=73535.9 | viol=1.881e-6 | rho=1.0e6 | inner 500 iters (max_iter) 34.0s
[ Info: ALM outer 14: w'x=73535.9 | viol=2.451e-6 | rho=1.0e6 | inner 500 iters (max_iter) 32.7s
[ Info: ALM outer 15: w'x=73535.9 | viol=4.08e-8 | rho=1.0e7 | inner 500 iters (max_iter) 285.6s
[ Info:   cont B=1.6258568e11 cost=1.6034179e11 dobj=394.45 infeas=4.08e-8 iters=15 solve=801.09s Δs=0.209
[ Info: ALM outer 1: w'x=73523.6 | viol=0.6897 | rho=1.0 | inner 500 iters (max_iter) 40.8s
[ Info: ALM outer 2: w'x=73519.3 | viol=0.1847 | rho=1.0 | inner 500 iters (max_iter) 38.6s
[ Info: ALM outer 3: w'x=73518.0 | viol=0.02151 | rho=10.0 | inner 500 iters (max_iter) 38.1s
[ Info: ALM outer 4: w'x=73517.0 | viol=0.02062 | rho=10.0 | inner 500 iters (max_iter) 37.3s
[ Info: ALM outer 5: w'x=73516.8 | viol=0.002334 | rho=100.0 | inner 500 iters (max_iter) 35.7s
[ Info: ALM outer 6: w'x=73516.5 | viol=0.004591 | rho=100.0 | inner 500 iters (max_iter) 36.2s
[ Info: ALM outer 7: w'x=73516.4 | viol=0.0004399 | rho=1000.0 | inner 500 iters (max_iter) 36.6s
[ Info: ALM outer 8: w'x=73516.3 | viol=0.0005355 | rho=1000.0 | inner 500 iters (max_iter) 34.3s
[ Info: ALM outer 9: w'x=73516.3 | viol=6.202e-5 | rho=10000.0 | inner 500 iters (max_iter) 37.0s
[ Info: ALM outer 10: w'x=73516.3 | viol=6.926e-5 | rho=10000.0 | inner 500 iters (max_iter) 33.2s
[ Info: ALM outer 11: w'x=73516.3 | viol=1.068e-5 | rho=100000.0 | inner 500 iters (max_iter) 33.0s
[ Info: ALM outer 12: w'x=73516.3 | viol=1.977e-5 | rho=100000.0 | inner 500 iters (max_iter) 32.8s
[ Info: ALM outer 13: w'x=73516.3 | viol=1.278e-6 | rho=1.0e6 | inner 500 iters (max_iter) 34.2s
[ Info: ALM outer 14: w'x=73516.3 | viol=7.98e-7 | rho=1.0e6 | inner 500 iters (max_iter) 33.5s
[ Info:   cont B=1.6690856e11 cost=1.6034518e11 dobj=394.34 infeas=7.98e-7 iters=14 solve=501.6s Δs=0.039
[ Info: ALM outer 1: w'x=73504.8 | viol=0.6898 | rho=1.0 | inner 500 iters (max_iter) 38.2s
[ Info: ALM outer 2: w'x=73501.5 | viol=0.2034 | rho=1.0 | inner 500 iters (max_iter) 39.5s
[ Info: ALM outer 3: w'x=73500.5 | viol=0.01753 | rho=10.0 | inner 500 iters (max_iter) 37.9s
[ Info: ALM outer 4: w'x=73499.5 | viol=0.01839 | rho=10.0 | inner 500 iters (max_iter) 37.7s
[ Info: ALM outer 5: w'x=73499.3 | viol=0.002075 | rho=100.0 | inner 500 iters (max_iter) 35.9s
[ Info: ALM outer 6: w'x=73499.0 | viol=0.003442 | rho=100.0 | inner 500 iters (max_iter) 35.3s
[ Info: ALM outer 7: w'x=73498.9 | viol=0.0004446 | rho=1000.0 | inner 500 iters (max_iter) 34.5s
[ Info: ALM outer 8: w'x=73498.8 | viol=0.001213 | rho=1000.0 | inner 500 iters (max_iter) 34.7s
[ Info: ALM outer 9: w'x=73498.8 | viol=5.013e-5 | rho=10000.0 | inner 500 iters (max_iter) 34.9s
[ Info: ALM outer 10: w'x=73498.8 | viol=5.906e-5 | rho=10000.0 | inner 500 iters (max_iter) 33.3s
[ Info: ALM outer 11: w'x=73498.8 | viol=1.247e-5 | rho=100000.0 | inner 500 iters (max_iter) 35.6s
[ Info: ALM outer 12: w'x=73498.8 | viol=1.376e-5 | rho=100000.0 | inner 500 iters (max_iter) 32.5s
[ Info: ALM outer 13: w'x=73498.8 | viol=6.824e-7 | rho=1.0e6 | inner 500 iters (max_iter) 33.4s
[ Info:   cont B=1.753375e11 cost=1.6035621e11 dobj=394.25 infeas=6.82e-7 iters=13 solve=463.55s Δs=0.068

>>> [2/3] warm PDHG continuation ...
[ Info:     HPDHG iter 2000/40000 (56.6s): w'x=73754.9 | relP=0.00511 relGap=0.808 relD=0.00191 | R=0.000334 omega=0.994 alpha=1.0
[ Info:     HPDHG iter 4000/40000 (112.9s): w'x=73754.9 | relP=0.000108 relGap=0.81 relD=0.00185 | R=0.000323 omega=0.994 alpha=1.0
[ Info:     HPDHG iter 6000/40000 (169.6s): w'x=73754.9 | relP=2.75e-5 relGap=0.808 relD=0.00186 | R=0.000323 omega=0.994 alpha=1.0
[ Info:     HPDHG iter 8000/40000 (226.8s): w'x=73754.9 | relP=1.59e-5 relGap=0.807 relD=0.00186 | R=0.000323 omega=0.994 alpha=1.0
[ Info:     HPDHG iter 10000/40000 (283.0s): w'x=73754.8 | relP=4.59e-6 relGap=0.807 relD=0.00186 | R=0.000323 omega=0.994 alpha=1.0
[ Info:     HPDHG iter 12000/40000 (338.3s): w'x=73754.8 | relP=5.24e-6 relGap=0.807 relD=0.00186 | R=0.000323 omega=0.994 alpha=1.0
[ Info:     HPDHG iter 14000/40000 (394.1s): w'x=73754.8 | relP=4.16e-6 relGap=0.807 relD=0.00186 | R=0.000323 omega=0.994 alpha=1.0
[ Info:     HPDHG iter 16000/40000 (449.5s): w'x=73754.8 | relP=2.65e-6 relGap=0.807 relD=0.00186 | R=0.000323 omega=0.994 alpha=1.0
[ Info:     HPDHG iter 18000/40000 (505.3s): w'x=73754.8 | relP=2.52e-6 relGap=0.807 relD=0.00186 | R=0.000323 omega=0.994 alpha=1.0
[ Info:     HPDHG iter 20000/40000 (560.7s): w'x=73754.8 | relP=2.5e-6 relGap=0.807 relD=0.00186 | R=0.000323 omega=0.994 alpha=1.0
[ Info:     HPDHG iter 22000/40000 (616.3s): w'x=73754.8 | relP=2.46e-6 relGap=0.807 relD=0.00186 | R=0.000323 omega=0.994 alpha=1.0
[ Info:     HPDHG iter 24000/40000 (671.7s): w'x=73754.8 | relP=2.16e-6 relGap=0.807 relD=0.00186 | R=0.000323 omega=0.994 alpha=1.0
[ Info:     HPDHG iter 26000/40000 (727.2s): w'x=73754.8 | relP=1.86e-6 relGap=0.807 relD=0.00186 | R=0.000323 omega=0.994 alpha=1.0
[ Info:     HPDHG iter 28000/40000 (782.5s): w'x=73754.8 | relP=1.44e-6 relGap=0.807 relD=0.00186 | R=0.000323 omega=0.994 alpha=1.0
[ Info:     HPDHG iter 30000/40000 (837.9s): w'x=73754.8 | relP=1.17e-6 relGap=0.807 relD=0.00186 | R=0.000323 omega=0.994 alpha=1.0
[ Info:     HPDHG iter 32000/40000 (893.6s): w'x=73754.8 | relP=9.73e-7 relGap=0.807 relD=0.00186 | R=0.000323 omega=0.994 alpha=1.0
[ Info:     HPDHG iter 34000/40000 (947.1s): w'x=73754.7 | relP=1.01e-6 relGap=0.807 relD=0.00186 | R=0.000323 omega=0.994 alpha=1.0
[ Info:     HPDHG iter 36000/40000 (998.0s): w'x=73754.7 | relP=9.59e-7 relGap=0.807 relD=0.00186 | R=0.000323 omega=0.994 alpha=1.0
[ Info:     HPDHG iter 38000/40000 (1049.3s): w'x=73754.7 | relP=8.53e-7 relGap=0.807 relD=0.00186 | R=0.000323 omega=0.994 alpha=1.0
[ Info:     HPDHG iter 40000/40000 (1100.5s): w'x=73754.7 | relP=8.94e-7 relGap=0.807 relD=0.00186 | R=0.000323 omega=0.994 alpha=1.0
[ Info:   cont B=1.6258568e11 cost=1.5939826e11 dobj=395.62 infeas=8.94e-7 iters=40000 solve=1100.5s Δs=0.2
[ Info:     HPDHG iter 2000/40000 (54.3s): w'x=73754.7 | relP=9.66e-7 relGap=0.807 relD=0.00186 | R=0.000321 omega=1.0 alpha=1.0
[ Info:     HPDHG iter 4000/40000 (108.3s): w'x=73754.7 | relP=1.04e-6 relGap=0.807 relD=0.00186 | R=0.000321 omega=1.0 alpha=1.0
[ Info:     HPDHG iter 6000/40000 (161.8s): w'x=73754.7 | relP=1.16e-6 relGap=0.807 relD=0.00186 | R=0.000321 omega=1.0 alpha=1.0
[ Info:     HPDHG iter 8000/40000 (215.1s): w'x=73754.7 | relP=1.27e-6 relGap=0.807 relD=0.00186 | R=0.000321 omega=1.0 alpha=1.0
[ Info:     HPDHG iter 10000/40000 (268.4s): w'x=73754.7 | relP=1.34e-6 relGap=0.807 relD=0.00186 | R=0.000321 omega=1.0 alpha=1.0
[ Info:     HPDHG iter 12000/40000 (321.8s): w'x=73754.7 | relP=1.36e-6 relGap=0.807 relD=0.00186 | R=0.000321 omega=1.0 alpha=1.0
[ Info:     HPDHG iter 14000/40000 (375.1s): w'x=73754.7 | relP=1.35e-6 relGap=0.807 relD=0.00186 | R=0.000321 omega=1.0 alpha=1.0
[ Info:     HPDHG iter 16000/40000 (428.7s): w'x=73754.7 | relP=1.33e-6 relGap=0.807 relD=0.00186 | R=0.000321 omega=1.0 alpha=1.0
[ Info:     HPDHG iter 18000/40000 (482.4s): w'x=73754.6 | relP=1.29e-6 relGap=0.807 relD=0.00186 | R=0.000321 omega=1.0 alpha=1.0
[ Info:     HPDHG iter 20000/40000 (535.7s): w'x=73754.6 | relP=1.21e-6 relGap=0.807 relD=0.00186 | R=0.000321 omega=1.0 alpha=1.0
[ Info:     HPDHG iter 22000/40000 (588.9s): w'x=73754.6 | relP=1.13e-6 relGap=0.807 relD=0.00186 | R=0.000321 omega=1.0 alpha=1.0
[ Info:     HPDHG iter 24000/40000 (642.2s): w'x=73754.6 | relP=1.01e-6 relGap=0.807 relD=0.00186 | R=0.000321 omega=1.0 alpha=1.0
[ Info:     HPDHG iter 26000/40000 (696.1s): w'x=73754.6 | relP=8.91e-7 relGap=0.807 relD=0.00186 | R=0.000321 omega=1.0 alpha=1.0
[ Info:     HPDHG iter 28000/40000 (750.2s): w'x=73754.6 | relP=7.72e-7 relGap=0.807 relD=0.00186 | R=0.000321 omega=1.0 alpha=1.0
[ Info:     HPDHG iter 30000/40000 (803.5s): w'x=73754.6 | relP=7.05e-7 relGap=0.807 relD=0.00186 | R=0.000321 omega=1.0 alpha=1.0
[ Info:     HPDHG iter 32000/40000 (855.6s): w'x=73754.6 | relP=7.07e-7 relGap=0.807 relD=0.00186 | R=0.000321 omega=1.0 alpha=1.0
[ Info:     HPDHG iter 34000/40000 (907.6s): w'x=73754.6 | relP=7.17e-7 relGap=0.807 relD=0.00186 | R=0.000321 omega=1.0 alpha=1.0
[ Info:     HPDHG iter 36000/40000 (959.2s): w'x=73754.6 | relP=7.27e-7 relGap=0.807 relD=0.00186 | R=0.000321 omega=1.0 alpha=1.0
[ Info:     HPDHG iter 38000/40000 (1010.9s): w'x=73754.6 | relP=7.38e-7 relGap=0.807 relD=0.00186 | R=0.000321 omega=1.0 alpha=1.0
[ Info:     HPDHG iter 40000/40000 (1062.4s): w'x=73754.6 | relP=7.48e-7 relGap=0.807 relD=0.00186 | R=0.000321 omega=1.0 alpha=1.0
[ Info:   cont B=1.6709413e11 cost=1.5939878e11 dobj=395.62 infeas=7.48e-7 iters=40000 solve=1062.34s Δs=0.241
[ Info:     HPDHG iter 2000/40000 (53.8s): w'x=73754.6 | relP=7.56e-7 relGap=0.807 relD=0.00186 | R=0.000321 omega=1.0 alpha=1.0
[ Info:     HPDHG iter 4000/40000 (106.8s): w'x=73754.5 | relP=7.65e-7 relGap=0.807 relD=0.00186 | R=0.000321 omega=1.0 alpha=1.0
[ Info:     HPDHG iter 6000/40000 (160.0s): w'x=73754.5 | relP=7.73e-7 relGap=0.807 relD=0.00186 | R=0.000321 omega=1.0 alpha=1.0
[ Info:     HPDHG iter 8000/40000 (213.9s): w'x=73754.5 | relP=7.81e-7 relGap=0.807 relD=0.00186 | R=0.000321 omega=1.0 alpha=1.0
[ Info:     HPDHG iter 10000/40000 (267.5s): w'x=73754.5 | relP=7.88e-7 relGap=0.807 relD=0.00186 | R=0.000321 omega=1.0 alpha=1.0
[ Info:     HPDHG iter 12000/40000 (320.6s): w'x=73754.5 | relP=7.94e-7 relGap=0.807 relD=0.00186 | R=0.000321 omega=1.0 alpha=1.0
[ Info:     HPDHG iter 14000/40000 (373.6s): w'x=73754.5 | relP=8.0e-7 relGap=0.807 relD=0.00186 | R=0.000321 omega=1.0 alpha=1.0
[ Info:     HPDHG iter 16000/40000 (426.6s): w'x=73754.5 | relP=8.07e-7 relGap=0.807 relD=0.00186 | R=0.000321 omega=1.0 alpha=1.0
[ Info:     HPDHG iter 18000/40000 (479.6s): w'x=73754.5 | relP=8.12e-7 relGap=0.807 relD=0.00186 | R=0.000321 omega=1.0 alpha=1.0
[ Info:     HPDHG iter 20000/40000 (532.6s): w'x=73754.5 | relP=8.18e-7 relGap=0.807 relD=0.00186 | R=0.000321 omega=1.0 alpha=1.0
[ Info:     HPDHG iter 22000/40000 (585.7s): w'x=73754.5 | relP=8.23e-7 relGap=0.807 relD=0.00186 | R=0.000321 omega=1.0 alpha=1.0
[ Info:     HPDHG iter 24000/40000 (639.2s): w'x=73754.5 | relP=8.28e-7 relGap=0.807 relD=0.00186 | R=0.000321 omega=1.0 alpha=1.0
[ Info:     HPDHG iter 26000/40000 (690.3s): w'x=73754.5 | relP=8.34e-7 relGap=0.807 relD=0.00186 | R=0.000321 omega=1.0 alpha=1.0
[ Info:     HPDHG iter 28000/40000 (741.6s): w'x=73754.4 | relP=8.39e-7 relGap=0.807 relD=0.00186 | R=0.000321 omega=1.0 alpha=1.0
[ Info:     HPDHG iter 30000/40000 (792.6s): w'x=73754.4 | relP=8.45e-7 relGap=0.807 relD=0.00186 | R=0.000321 omega=1.0 alpha=1.0
[ Info:     HPDHG iter 32000/40000 (844.2s): w'x=73754.4 | relP=8.5e-7 relGap=0.807 relD=0.00186 | R=0.000321 omega=1.0 alpha=1.0
[ Info:     HPDHG iter 34000/40000 (895.8s): w'x=73754.4 | relP=8.55e-7 relGap=0.807 relD=0.00186 | R=0.000321 omega=1.0 alpha=1.0
[ Info:     HPDHG iter 36000/40000 (947.1s): w'x=73754.4 | relP=8.61e-7 relGap=0.807 relD=0.00186 | R=0.000321 omega=1.0 alpha=1.0
[ Info:     HPDHG iter 38000/40000 (998.5s): w'x=73754.4 | relP=8.67e-7 relGap=0.807 relD=0.00186 | R=0.000321 omega=1.0 alpha=1.0
[ Info:     HPDHG iter 40000/40000 (1049.7s): w'x=73754.4 | relP=8.73e-7 relGap=0.807 relD=0.00186 | R=0.000321 omega=1.0 alpha=1.0
[ Info:   cont B=1.7237857e11 cost=1.5939931e11 dobj=395.62 infeas=8.73e-7 iters=40000 solve=1049.73s Δs=0.271
[ Info:     HPDHG iter 2000/40000 (53.6s): w'x=73754.4 | relP=8.79e-7 relGap=0.807 relD=0.00186 | R=0.000321 omega=1.0 alpha=1.0
[ Info:     HPDHG iter 4000/40000 (107.2s): w'x=73754.4 | relP=8.85e-7 relGap=0.807 relD=0.00186 | R=0.000321 omega=1.0 alpha=1.0
[ Info:     HPDHG iter 6000/40000 (160.5s): w'x=73754.4 | relP=8.91e-7 relGap=0.807 relD=0.00186 | R=0.000321 omega=1.0 alpha=1.0
[ Info:     HPDHG iter 8000/40000 (213.9s): w'x=73754.4 | relP=8.98e-7 relGap=0.807 relD=0.00186 | R=0.000321 omega=1.0 alpha=1.0
[ Info:     HPDHG iter 10000/40000 (267.5s): w'x=73754.4 | relP=9.05e-7 relGap=0.807 relD=0.00186 | R=0.000321 omega=1.0 alpha=1.0
[ Info:     HPDHG iter 12000/40000 (320.8s): w'x=73754.3 | relP=9.12e-7 relGap=0.807 relD=0.00186 | R=0.000321 omega=1.0 alpha=1.0
[ Info:     HPDHG iter 14000/40000 (374.5s): w'x=73754.3 | relP=9.2e-7 relGap=0.807 relD=0.00186 | R=0.000321 omega=1.0 alpha=1.0
[ Info:     HPDHG iter 16000/40000 (427.7s): w'x=73754.3 | relP=9.28e-7 relGap=0.807 relD=0.00186 | R=0.000321 omega=1.0 alpha=1.0
[ Info:     HPDHG iter 18000/40000 (480.8s): w'x=73754.3 | relP=9.37e-7 relGap=0.807 relD=0.00186 | R=0.000321 omega=1.0 alpha=1.0
[ Info:     HPDHG iter 20000/40000 (533.0s): w'x=73754.3 | relP=9.46e-7 relGap=0.807 relD=0.00186 | R=0.000321 omega=1.0 alpha=1.0
[ Info:     HPDHG iter 22000/40000 (584.7s): w'x=73754.3 | relP=9.54e-7 relGap=0.807 relD=0.00186 | R=0.000321 omega=1.0 alpha=1.0
[ Info:     HPDHG iter 24000/40000 (636.2s): w'x=73754.3 | relP=9.64e-7 relGap=0.807 relD=0.00186 | R=0.000321 omega=1.0 alpha=1.0
[ Info:     HPDHG iter 26000/40000 (688.0s): w'x=73754.3 | relP=9.74e-7 relGap=0.807 relD=0.00186 | R=0.000321 omega=1.0 alpha=1.0
[ Info:     HPDHG iter 28000/40000 (740.9s): w'x=73754.3 | relP=9.84e-7 relGap=0.807 relD=0.00186 | R=0.000321 omega=1.0 alpha=1.0
[ Info:     HPDHG iter 30000/40000 (793.6s): w'x=73754.3 | relP=9.95e-7 relGap=0.807 relD=0.00186 | R=0.000321 omega=1.0 alpha=1.0
[ Info:     HPDHG iter 32000/40000 (845.8s): w'x=73754.3 | relP=1.0e-6 relGap=0.807 relD=0.00186 | R=0.000321 omega=1.0 alpha=1.0
[ Info:     HPDHG iter 34000/40000 (897.4s): w'x=73754.3 | relP=1.0e-6 relGap=0.807 relD=0.00186 | R=0.000321 omega=1.0 alpha=1.0
[ Info:     HPDHG iter 36000/40000 (948.8s): w'x=73754.2 | relP=9.98e-7 relGap=0.807 relD=0.00186 | R=0.000321 omega=1.0 alpha=1.0
[ Info:     HPDHG iter 38000/40000 (1000.6s): w'x=73754.2 | relP=9.87e-7 relGap=0.807 relD=0.00186 | R=0.000321 omega=1.0 alpha=1.0
[ Info:     HPDHG iter 40000/40000 (1052.2s): w'x=73754.2 | relP=9.68e-7 relGap=0.807 relD=0.00186 | R=0.000321 omega=1.0 alpha=1.0
[ Info:   cont B=1.753375e11 cost=1.5939984e11 dobj=395.62 infeas=9.68e-7 iters=40000 solve=1052.16s Δs=0.25

>>> [3/3] cold IPM baseline at ALM budgets ...
Set parameter Username
Set parameter LicenseID to value 2786638
Academic license - for non-commercial use only - expires 2027-03-03

================  data/5h three-way comparison  ================
method      points  totSolve(s)  medSolve(s)  maxInfeas
ALM(warm)        4       1766.2       501.60   7.98e-07
PDHG(warm)       5       4264.7      1052.16   9.68e-07
IPM(cold)        3        762.2       262.62      exact

LP setup (one-time, build_mga_lp): 7.25s
max |ALM dobj  - IPM dobj| : 2.08e+02  (front correctness)
Wrote results to C:\Users\pacurarav\Desktop\New folder\NearOptimalAlternatives.jl\results\compare_5h
